Component: ARM Compiler 5.06 update 7 (build 960) Tool: armlink [4d3601]

==============================================================================

Section Cross References

    main.o(i.CalculateOdometry) refers to main.o(i.GetSystemTime) for GetSystemTime
    main.o(i.CalculateOdometry) refers to main.o(i.ReadEncoderData) for ReadEncoderData
    main.o(i.CalculateOdometry) refers to main.o(.data) for current_cmd
    main.o(i.CalculateOdometry) refers to main.o(.bss) for Encoder_Prev
    main.o(i.CheckCommandTimeout) refers to main.o(i.GetSystemTime) for GetSystemTime
    main.o(i.CheckCommandTimeout) refers to main.o(.data) for last_cmd_time
    main.o(i.ExecuteCommand) refers to main.o(i.SmoothControlSpeed) for SmoothControlSpeed
    main.o(i.ExecuteCommand) refers to bsp_motor_iic.o(i.control_pwm) for control_pwm
    main.o(i.ExecuteCommand) refers to main.o(i.GetSystemTime) for GetSystemTime
    main.o(i.ExecuteCommand) refers to main.o(.data) for last_motor_speeds
    main.o(i.GetSystemTime) refers to main.o(.data) for monotonic_time_ms
    main.o(i.ReadEncoderData) refers to bsp_motor_iic.o(i.Read_ALL_Enconder) for Read_ALL_Enconder
    main.o(i.ReadEncoderData) refers to delay.o(i.delay_ms) for delay_ms
    main.o(i.ReadEncoderData) refers to main.o(i.GetSystemTime) for GetSystemTime
    main.o(i.ReadEncoderData) refers to printf8.o(i.__0printf$8) for __2printf
    main.o(i.ReadEncoderData) refers to bsp_motor_iic.o(.bss) for Encoder_Now
    main.o(i.ReadEncoderData) refers to main.o(.data) for error_count
    main.o(i.ReadEncoderData) refers to main.o(.bss) for last_valid_encoder_data
    main.o(i.ReadEncoderData) refers to main.o(.conststring) for .conststring
    main.o(i.SendEncoderData) refers to main.o(i.GetSystemTime) for GetSystemTime
    main.o(i.SendEncoderData) refers to printf8.o(i.__0snprintf$8) for __2snprintf
    main.o(i.SendEncoderData) refers to stm32f10x_usart.o(i.USART_GetFlagStatus) for USART_GetFlagStatus
    main.o(i.SendEncoderData) refers to stm32f10x_usart.o(i.USART_SendData) for USART_SendData
    main.o(i.SendEncoderData) refers to main.o(.bss) for robot_state
    main.o(i.SendIMUData) refers to main.o(i.GetSystemTime) for GetSystemTime
    main.o(i.SendIMUData) refers to mpu6050.o(i.MPU6050ReadAcc) for MPU6050ReadAcc
    main.o(i.SendIMUData) refers to mpu6050.o(i.MPU6050ReadGyro) for MPU6050ReadGyro
    main.o(i.SendIMUData) refers to mpu6050.o(i.MPU6050ReadTemp) for MPU6050ReadTemp
    main.o(i.SendIMUData) refers to printf8.o(i.__0printf$8) for __2printf
    main.o(i.SendIMUData) refers to printf8.o(i.__0snprintf$8) for __2snprintf
    main.o(i.SendIMUData) refers to stm32f10x_usart.o(i.USART_GetFlagStatus) for USART_GetFlagStatus
    main.o(i.SendIMUData) refers to stm32f10x_usart.o(i.USART_SendData) for USART_SendData
    main.o(i.SendIMUData) refers to main.o(.bss) for imu_data
    main.o(i.SendIMUData) refers to main.o(.data) for error_count
    main.o(i.SendIMUData) refers to main.o(.conststring) for .conststring
    main.o(i.SmoothControlSpeed) refers to bsp_motor_iic.o(i.control_speed) for control_speed
    main.o(i.SmoothControlSpeed) refers to main.o(.data) for last_motor_speeds
    main.o(i.SyncSystemTime) refers to printf8.o(i.__0printf$8) for __2printf
    main.o(i.SyncSystemTime) refers to main.o(.data) for times
    main.o(i.SyncSystemTime) refers to main.o(.conststring) for .conststring
    main.o(i.USART1_IRQHandler) refers to stm32f10x_usart.o(i.USART_GetITStatus) for USART_GetITStatus
    main.o(i.USART1_IRQHandler) refers to stm32f10x_usart.o(i.USART_ReceiveData) for USART_ReceiveData
    main.o(i.USART1_IRQHandler) refers to main.o(i.GetSystemTime) for GetSystemTime
    main.o(i.USART1_IRQHandler) refers to printf8.o(i.__0printf$8) for __2printf
    main.o(i.USART1_IRQHandler) refers to atol.o(.text) for atol
    main.o(i.USART1_IRQHandler) refers to main.o(i.SyncSystemTime) for SyncSystemTime
    main.o(i.USART1_IRQHandler) refers to stm32f10x_usart.o(i.USART_ClearITPendingBit) for USART_ClearITPendingBit
    main.o(i.USART1_IRQHandler) refers to main.o(.data) for current_cmd
    main.o(i.USART1_Init) refers to stm32f10x_rcc.o(i.RCC_APB2PeriphClockCmd) for RCC_APB2PeriphClockCmd
    main.o(i.USART1_Init) refers to stm32f10x_gpio.o(i.GPIO_Init) for GPIO_Init
    main.o(i.USART1_Init) refers to stm32f10x_usart.o(i.USART_Init) for USART_Init
    main.o(i.USART1_Init) refers to stm32f10x_usart.o(i.USART_ITConfig) for USART_ITConfig
    main.o(i.USART1_Init) refers to misc.o(i.NVIC_Init) for NVIC_Init
    main.o(i.USART1_Init) refers to stm32f10x_usart.o(i.USART_Cmd) for USART_Cmd
    main.o(i.main) refers to bsp.o(i.bsp_init) for bsp_init
    main.o(i.main) refers to main.o(i.USART1_Init) for USART1_Init
    main.o(i.main) refers to bsp_timer.o(i.TIM3_Init) for TIM3_Init
    main.o(i.main) refers to bsp_motor_iic.o(i.IIC_Motor_Init) for IIC_Motor_Init
    main.o(i.main) refers to mpu6050.o(i.MPU6050_Init) for MPU6050_Init
[...]
    Removing stm32f10x_fsmc.o(i.FSMC_NANDInit), (136 bytes).
    Removing stm32f10x_fsmc.o(i.FSMC_NANDStructInit), (54 bytes).
    Removing stm32f10x_fsmc.o(i.FSMC_NORSRAMCmd), (52 bytes).
    Removing stm32f10x_fsmc.o(i.FSMC_NORSRAMDeInit), (54 bytes).
    Removing stm32f10x_fsmc.o(i.FSMC_NORSRAMInit), (230 bytes).
    Removing stm32f10x_fsmc.o(i.FSMC_NORSRAMStructInit), (114 bytes).
    Removing stm32f10x_fsmc.o(i.FSMC_PCCARDCmd), (48 bytes).
    Removing stm32f10x_fsmc.o(i.FSMC_PCCARDDeInit), (40 bytes).
    Removing stm32f10x_fsmc.o(i.FSMC_PCCARDInit), (132 bytes).
    Removing stm32f10x_fsmc.o(i.FSMC_PCCARDStructInit), (60 bytes).
    Removing stm32f10x_gpio.o(i.GPIO_AFIODeInit), (20 bytes).
    Removing stm32f10x_gpio.o(i.GPIO_DeInit), (200 bytes).
    Removing stm32f10x_gpio.o(i.GPIO_ETH_MediaInterfaceConfig), (12 bytes).
    Removing stm32f10x_gpio.o(i.GPIO_EXTILineConfig), (64 bytes).
    Removing stm32f10x_gpio.o(i.GPIO_EventOutputCmd), (12 bytes).
    Removing stm32f10x_gpio.o(i.GPIO_EventOutputConfig), (32 bytes).
    Removing stm32f10x_gpio.o(i.GPIO_PinLockConfig), (18 bytes).
    Removing stm32f10x_gpio.o(i.GPIO_PinRemapConfig), (144 bytes).
    Removing stm32f10x_gpio.o(i.GPIO_ReadInputData), (8 bytes).
    Removing stm32f10x_gpio.o(i.GPIO_ReadInputDataBit), (18 bytes).
    Removing stm32f10x_gpio.o(i.GPIO_ReadOutputData), (8 bytes).
    Removing stm32f10x_gpio.o(i.GPIO_ReadOutputDataBit), (18 bytes).
    Removing stm32f10x_gpio.o(i.GPIO_ResetBits), (4 bytes).
    Removing stm32f10x_gpio.o(i.GPIO_SetBits), (4 bytes).
    Removing stm32f10x_gpio.o(i.GPIO_StructInit), (16 bytes).
    Removing stm32f10x_gpio.o(i.GPIO_Write), (4 bytes).
    Removing stm32f10x_gpio.o(i.GPIO_WriteBit), (10 bytes).
    Removing stm32f10x_i2c.o(i.I2C_ARPCmd), (24 bytes).
    Removing stm32f10x_i2c.o(i.I2C_AcknowledgeConfig), (24 bytes).
    Removing stm32f10x_i2c.o(i.I2C_CalculatePEC), (24 bytes).
    Removing stm32f10x_i2c.o(i.I2C_CheckEvent), (42 bytes).
    Removing stm32f10x_i2c.o(i.I2C_ClearFlag), (12 bytes).
    Removing stm32f10x_i2c.o(i.I2C_ClearITPendingBit), (12 bytes).
    Removing stm32f10x_i2c.o(i.I2C_Cmd), (24 bytes).
    Removing stm32f10x_i2c.o(i.I2C_DMACmd), (24 bytes).
    Removing stm32f10x_i2c.o(i.I2C_DMALastTransferCmd), (24 bytes).
    Removing stm32f10x_i2c.o(i.I2C_DeInit), (56 bytes).
    Removing stm32f10x_i2c.o(i.I2C_DualAddressCmd), (24 bytes).
    Removing stm32f10x_i2c.o(i.I2C_FastModeDutyCycleConfig), (28 bytes).
    Removing stm32f10x_i2c.o(i.I2C_GeneralCallCmd), (24 bytes).
    Removing stm32f10x_i2c.o(i.I2C_GenerateSTART), (24 bytes).
    Removing stm32f10x_i2c.o(i.I2C_GenerateSTOP), (24 bytes).
    Removing stm32f10x_i2c.o(i.I2C_GetFlagStatus), (58 bytes).
    Removing stm32f10x_i2c.o(i.I2C_GetITStatus), (38 bytes).
    Removing stm32f10x_i2c.o(i.I2C_GetLastEvent), (26 bytes).
    Removing stm32f10x_i2c.o(i.I2C_GetPEC), (8 bytes).
    Removing stm32f10x_i2c.o(i.I2C_ITConfig), (18 bytes).
    Removing stm32f10x_i2c.o(i.I2C_Init), (236 bytes).
    Removing stm32f10x_i2c.o(i.I2C_NACKPositionConfig), (28 bytes).
    Removing stm32f10x_i2c.o(i.I2C_OwnAddress2Config), (22 bytes).
    Removing stm32f10x_i2c.o(i.I2C_PECPositionConfig), (28 bytes).
    Removing stm32f10x_i2c.o(i.I2C_ReadRegister), (22 bytes).
    Removing stm32f10x_i2c.o(i.I2C_ReceiveData), (8 bytes).
    Removing stm32f10x_i2c.o(i.I2C_SMBusAlertConfig), (28 bytes).
    Removing stm32f10x_i2c.o(i.I2C_Send7bitAddress), (18 bytes).
    Removing stm32f10x_i2c.o(i.I2C_SendData), (4 bytes).
    Removing stm32f10x_i2c.o(i.I2C_SoftwareResetCmd), (22 bytes).
    Removing stm32f10x_i2c.o(i.I2C_StretchClockCmd), (24 bytes).
    Removing stm32f10x_i2c.o(i.I2C_StructInit), (30 bytes).
    Removing stm32f10x_i2c.o(i.I2C_TransmitPEC), (24 bytes).
    Removing stm32f10x_iwdg.o(i.IWDG_Enable), (16 bytes).
    Removing stm32f10x_iwdg.o(i.IWDG_GetFlagStatus), (24 bytes).
    Removing stm32f10x_iwdg.o(i.IWDG_ReloadCounter), (16 bytes).
    Removing stm32f10x_iwdg.o(i.IWDG_SetPrescaler), (12 bytes).
    Removing stm32f10x_iwdg.o(i.IWDG_SetReload), (12 bytes).
    Removing stm32f10x_iwdg.o(i.IWDG_WriteAccessCmd), (12 bytes).
    Removing stm32f10x_pwr.o(i.PWR_BackupAccessCmd), (12 bytes).
    Removing stm32f10x_pwr.o(i.PWR_ClearFlag), (20 bytes).
    Removing stm32f10x_pwr.o(i.PWR_DeInit), (22 bytes).
    Removing stm32f10x_pwr.o(i.PWR_EnterSTANDBYMode), (52 bytes).
    Removing stm32f10x_pwr.o(i.PWR_EnterSTOPMode), (64 bytes).
    Removing stm32f10x_pwr.o(i.PWR_GetFlagStatus), (24 bytes).
    Removing stm32f10x_pwr.o(i.PWR_PVDCmd), (12 bytes).
    Removing stm32f10x_pwr.o(i.PWR_PVDLevelConfig), (24 bytes).
    Removing stm32f10x_pwr.o(i.PWR_WakeUpPinCmd), (12 bytes).
    Removing stm32f10x_rcc.o(i.RCC_ADCCLKConfig), (24 bytes).
    Removing stm32f10x_rcc.o(i.RCC_AHBPeriphClockCmd), (32 bytes).
    Removing stm32f10x_rcc.o(i.RCC_APB1PeriphResetCmd), (32 bytes).
    Removing stm32f10x_rcc.o(i.RCC_APB2PeriphResetCmd), (32 bytes).
    Removing stm32f10x_rcc.o(i.RCC_AdjustHSICalibrationValue), (24 bytes).
    Removing stm32f10x_rcc.o(i.RCC_BackupResetCmd), (12 bytes).
    Removing stm32f10x_rcc.o(i.RCC_ClearFlag), (20 bytes).
    Removing stm32f10x_rcc.o(i.RCC_ClearITPendingBit), (12 bytes).
    Removing stm32f10x_rcc.o(i.RCC_ClockSecuritySystemCmd), (12 bytes).
    Removing stm32f10x_rcc.o(i.RCC_DeInit), (76 bytes).
    Removing stm32f10x_rcc.o(i.RCC_GetFlagStatus), (60 bytes).
    Removing stm32f10x_rcc.o(i.RCC_GetITStatus), (24 bytes).
    Removing stm32f10x_rcc.o(i.RCC_GetSYSCLKSource), (16 bytes).
    Removing stm32f10x_rcc.o(i.RCC_HCLKConfig), (24 bytes).
    Removing stm32f10x_rcc.o(i.RCC_HSEConfig), (76 bytes).
    Removing stm32f10x_rcc.o(i.RCC_HSICmd), (12 bytes).
    Removing stm32f10x_rcc.o(i.RCC_ITConfig), (32 bytes).
    Removing stm32f10x_rcc.o(i.RCC_LSEConfig), (52 bytes).
    Removing stm32f10x_rcc.o(i.RCC_LSICmd), (12 bytes).
    Removing stm32f10x_rcc.o(i.RCC_MCOConfig), (12 bytes).
    Removing stm32f10x_rcc.o(i.RCC_PCLK1Config), (24 bytes).
    Removing stm32f10x_rcc.o(i.RCC_PCLK2Config), (24 bytes).
    Removing stm32f10x_rcc.o(i.RCC_PLLCmd), (12 bytes).
    Removing stm32f10x_rcc.o(i.RCC_PLLConfig), (28 bytes).
    Removing stm32f10x_rcc.o(i.RCC_RTCCLKCmd), (12 bytes).
    Removing stm32f10x_rcc.o(i.RCC_RTCCLKConfig), (16 bytes).
    Removing stm32f10x_rcc.o(i.RCC_SYSCLKConfig), (24 bytes).
    Removing stm32f10x_rcc.o(i.RCC_USBCLKConfig), (12 bytes).
    Removing stm32f10x_rcc.o(i.RCC_WaitForHSEStartUp), (56 bytes).
    Removing stm32f10x_rtc.o(i.RTC_ClearFlag), (16 bytes).
    Removing stm32f10x_rtc.o(i.RTC_ClearITPendingBit), (16 bytes).
    Removing stm32f10x_rtc.o(i.RTC_EnterConfigMode), (20 bytes).
    Removing stm32f10x_rtc.o(i.RTC_ExitConfigMode), (20 bytes).
    Removing stm32f10x_rtc.o(i.RTC_GetCounter), (20 bytes).
    Removing stm32f10x_rtc.o(i.RTC_GetDivider), (24 bytes).
    Removing stm32f10x_rtc.o(i.RTC_GetFlagStatus), (24 bytes).
    Removing stm32f10x_rtc.o(i.RTC_GetITStatus), (36 bytes).
    Removing stm32f10x_rtc.o(i.RTC_ITConfig), (32 bytes).
    Removing stm32f10x_rtc.o(i.RTC_SetAlarm), (28 bytes).
    Removing stm32f10x_rtc.o(i.RTC_SetCounter), (28 bytes).
    Removing stm32f10x_rtc.o(i.RTC_SetPrescaler), (32 bytes).
    Removing stm32f10x_rtc.o(i.RTC_WaitForLastTask), (20 bytes).
    Removing stm32f10x_rtc.o(i.RTC_WaitForSynchro), (36 bytes).
    Removing stm32f10x_sdio.o(i.SDIO_CEATAITCmd), (16 bytes).
    Removing stm32f10x_sdio.o(i.SDIO_ClearFlag), (12 bytes).
    Removing stm32f10x_sdio.o(i.SDIO_ClearITPendingBit), (12 bytes).
    Removing stm32f10x_sdio.o(i.SDIO_ClockCmd), (12 bytes).
    Removing stm32f10x_sdio.o(i.SDIO_CmdStructInit), (14 bytes).
    Removing stm32f10x_sdio.o(i.SDIO_CommandCompletionCmd), (12 bytes).
    Removing stm32f10x_sdio.o(i.SDIO_DMACmd), (12 bytes).
    Removing stm32f10x_sdio.o(i.SDIO_DataConfig), (48 bytes).
    Removing stm32f10x_sdio.o(i.SDIO_DataStructInit), (20 bytes).
    Removing stm32f10x_sdio.o(i.SDIO_DeInit), (36 bytes).
    Removing stm32f10x_sdio.o(i.SDIO_GetCommandResponse), (12 bytes).
    Removing stm32f10x_sdio.o(i.SDIO_GetDataCounter), (12 bytes).
    Removing stm32f10x_sdio.o(i.SDIO_GetFIFOCount), (12 bytes).
    Removing stm32f10x_sdio.o(i.SDIO_GetFlagStatus), (24 bytes).
    Removing stm32f10x_sdio.o(i.SDIO_GetITStatus), (24 bytes).
    Removing stm32f10x_sdio.o(i.SDIO_GetPowerState), (16 bytes).
    Removing stm32f10x_sdio.o(i.SDIO_GetResponse), (24 bytes).
    Removing stm32f10x_sdio.o(i.SDIO_ITConfig), (32 bytes).
    Removing stm32f10x_sdio.o(i.SDIO_Init), (48 bytes).
    Removing stm32f10x_sdio.o(i.SDIO_ReadData), (12 bytes).
    Removing stm32f10x_sdio.o(i.SDIO_SendCEATACmd), (12 bytes).
    Removing stm32f10x_sdio.o(i.SDIO_SendCommand), (44 bytes).
    Removing stm32f10x_sdio.o(i.SDIO_SendSDIOSuspendCmd), (12 bytes).
    Removing stm32f10x_sdio.o(i.SDIO_SetPowerState), (28 bytes).
    Removing stm32f10x_sdio.o(i.SDIO_SetSDIOOperation), (12 bytes).
    Removing stm32f10x_sdio.o(i.SDIO_SetSDIOReadWaitMode), (12 bytes).
    Removing stm32f10x_sdio.o(i.SDIO_StartSDIOReadWait), (12 bytes).
    Removing stm32f10x_sdio.o(i.SDIO_StopSDIOReadWait), (12 bytes).
    Removing stm32f10x_sdio.o(i.SDIO_StructInit), (16 bytes).
    Removing stm32f10x_sdio.o(i.SDIO_WriteData), (12 bytes).
    Removing stm32f10x_spi.o(i.I2S_Cmd), (24 bytes).
    Removing stm32f10x_spi.o(i.I2S_Init), (232 bytes).
    Removing stm32f10x_spi.o(i.I2S_StructInit), (20 bytes).
    Removing stm32f10x_spi.o(i.SPI_BiDirectionalLineConfig), (28 bytes).
    Removing stm32f10x_spi.o(i.SPI_CalculateCRC), (24 bytes).
    Removing stm32f10x_spi.o(i.SPI_Cmd), (24 bytes).
    Removing stm32f10x_spi.o(i.SPI_DataSizeConfig), (18 bytes).
    Removing stm32f10x_spi.o(i.SPI_GetCRC), (16 bytes).
    Removing stm32f10x_spi.o(i.SPI_GetCRCPolynomial), (6 bytes).
    Removing stm32f10x_spi.o(i.SPI_I2S_ClearFlag), (6 bytes).
    Removing stm32f10x_spi.o(i.SPI_I2S_ClearITPendingBit), (20 bytes).
    Removing stm32f10x_spi.o(i.SPI_I2S_DMACmd), (18 bytes).
    Removing stm32f10x_spi.o(i.SPI_I2S_DeInit), (88 bytes).
    Removing stm32f10x_spi.o(i.SPI_I2S_GetFlagStatus), (18 bytes).
    Removing stm32f10x_spi.o(i.SPI_I2S_GetITStatus), (52 bytes).
    Removing stm32f10x_spi.o(i.SPI_I2S_ITConfig), (32 bytes).
    Removing stm32f10x_spi.o(i.SPI_I2S_ReceiveData), (6 bytes).
    Removing stm32f10x_spi.o(i.SPI_I2S_SendData), (4 bytes).
    Removing stm32f10x_spi.o(i.SPI_Init), (60 bytes).
    Removing stm32f10x_spi.o(i.SPI_NSSInternalSoftwareConfig), (30 bytes).
    Removing stm32f10x_spi.o(i.SPI_SSOutputCmd), (24 bytes).
    Removing stm32f10x_spi.o(i.SPI_StructInit), (24 bytes).
    Removing stm32f10x_spi.o(i.SPI_TransmitCRC), (10 bytes).
    Removing stm32f10x_tim.o(i.TI1_Config), (128 bytes).
    Removing stm32f10x_tim.o(i.TI2_Config), (152 bytes).
    Removing stm32f10x_tim.o(i.TI3_Config), (144 bytes).
    Removing stm32f10x_tim.o(i.TI4_Config), (152 bytes).
    Removing stm32f10x_tim.o(i.TIM_ARRPreloadConfig), (24 bytes).
    Removing stm32f10x_tim.o(i.TIM_BDTRConfig), (32 bytes).
    Removing stm32f10x_tim.o(i.TIM_BDTRStructInit), (18 bytes).
    Removing stm32f10x_tim.o(i.TIM_CCPreloadControl), (24 bytes).
    Removing stm32f10x_tim.o(i.TIM_CCxCmd), (30 bytes).
    Removing stm32f10x_tim.o(i.TIM_CCxNCmd), (30 bytes).
    Removing stm32f10x_tim.o(i.TIM_ClearOC1Ref), (18 bytes).
    Removing stm32f10x_tim.o(i.TIM_ClearOC2Ref), (24 bytes).
    Removing stm32f10x_tim.o(i.TIM_ClearOC3Ref), (18 bytes).
    Removing stm32f10x_tim.o(i.TIM_ClearOC4Ref), (24 bytes).
    Removing stm32f10x_tim.o(i.TIM_CounterModeConfig), (18 bytes).
    Removing stm32f10x_tim.o(i.TIM_CtrlPWMOutputs), (30 bytes).
    Removing stm32f10x_tim.o(i.TIM_DMACmd), (18 bytes).
    Removing stm32f10x_tim.o(i.TIM_DMAConfig), (10 bytes).
    Removing stm32f10x_tim.o(i.TIM_DeInit), (488 bytes).
    Removing stm32f10x_tim.o(i.TIM_ETRClockMode1Config), (54 bytes).
    Removing stm32f10x_tim.o(i.TIM_ETRClockMode2Config), (32 bytes).
    Removing stm32f10x_tim.o(i.TIM_ETRConfig), (28 bytes).
    Removing stm32f10x_tim.o(i.TIM_EncoderInterfaceConfig), (66 bytes).
    Removing stm32f10x_tim.o(i.TIM_ForcedOC1Config), (18 bytes).
    Removing stm32f10x_tim.o(i.TIM_ForcedOC2Config), (26 bytes).
    Removing stm32f10x_tim.o(i.TIM_ForcedOC3Config), (18 bytes).
    Removing stm32f10x_tim.o(i.TIM_ForcedOC4Config), (26 bytes).
    Removing stm32f10x_tim.o(i.TIM_GenerateEvent), (4 bytes).
    Removing stm32f10x_tim.o(i.TIM_GetCapture1), (6 bytes).
    Removing stm32f10x_tim.o(i.TIM_GetCapture2), (6 bytes).
    Removing stm32f10x_tim.o(i.TIM_GetCapture3), (6 bytes).
    Removing stm32f10x_tim.o(i.TIM_GetCapture4), (8 bytes).
    Removing stm32f10x_tim.o(i.TIM_GetCounter), (6 bytes).
    Removing stm32f10x_tim.o(i.TIM_GetFlagStatus), (18 bytes).
    Removing stm32f10x_tim.o(i.TIM_GetPrescaler), (6 bytes).
    Removing stm32f10x_tim.o(i.TIM_ICInit), (172 bytes).
    Removing stm32f10x_tim.o(i.TIM_ICStructInit), (18 bytes).
    Removing stm32f10x_tim.o(i.TIM_ITRxExternalClockConfig), (24 bytes).
    Removing stm32f10x_tim.o(i.TIM_InternalClockConfig), (12 bytes).
    Removing stm32f10x_tim.o(i.TIM_OC1FastConfig), (18 bytes).
    Removing stm32f10x_tim.o(i.TIM_OC1Init), (152 bytes).
    Removing stm32f10x_tim.o(i.TIM_OC1NPolarityConfig), (18 bytes).
    Removing stm32f10x_tim.o(i.TIM_OC1PolarityConfig), (18 bytes).
    Removing stm32f10x_tim.o(i.TIM_OC1PreloadConfig), (18 bytes).
    Removing stm32f10x_tim.o(i.TIM_OC2FastConfig), (26 bytes).
    Removing stm32f10x_tim.o(i.TIM_OC2Init), (164 bytes).
    Removing stm32f10x_tim.o(i.TIM_OC2NPolarityConfig), (26 bytes).
    Removing stm32f10x_tim.o(i.TIM_OC2PolarityConfig), (26 bytes).
    Removing stm32f10x_tim.o(i.TIM_OC2PreloadConfig), (26 bytes).
    Removing stm32f10x_tim.o(i.TIM_OC3FastConfig), (18 bytes).
    Removing stm32f10x_tim.o(i.TIM_OC3Init), (160 bytes).
    Removing stm32f10x_tim.o(i.TIM_OC3NPolarityConfig), (26 bytes).
    Removing stm32f10x_tim.o(i.TIM_OC3PolarityConfig), (26 bytes).
    Removing stm32f10x_tim.o(i.TIM_OC3PreloadConfig), (18 bytes).
    Removing stm32f10x_tim.o(i.TIM_OC4FastConfig), (26 bytes).
    Removing stm32f10x_tim.o(i.TIM_OC4Init), (124 bytes).
    Removing stm32f10x_tim.o(i.TIM_OC4PolarityConfig), (26 bytes).
    Removing stm32f10x_tim.o(i.TIM_OC4PreloadConfig), (26 bytes).
    Removing stm32f10x_tim.o(i.TIM_OCStructInit), (20 bytes).
    Removing stm32f10x_tim.o(i.TIM_PWMIConfig), (124 bytes).
    Removing stm32f10x_tim.o(i.TIM_PrescalerConfig), (6 bytes).
    Removing stm32f10x_tim.o(i.TIM_SelectCCDMA), (24 bytes).
    Removing stm32f10x_tim.o(i.TIM_SelectCOM), (24 bytes).
    Removing stm32f10x_tim.o(i.TIM_SelectHallSensor), (24 bytes).
    Removing stm32f10x_tim.o(i.TIM_SelectInputTrigger), (18 bytes).
    Removing stm32f10x_tim.o(i.TIM_SelectMasterSlaveMode), (18 bytes).
    Removing stm32f10x_tim.o(i.TIM_SelectOCxM), (82 bytes).
    Removing stm32f10x_tim.o(i.TIM_SelectOnePulseMode), (18 bytes).
    Removing stm32f10x_tim.o(i.TIM_SelectOutputTrigger), (18 bytes).
    Removing stm32f10x_tim.o(i.TIM_SelectSlaveMode), (18 bytes).
    Removing stm32f10x_tim.o(i.TIM_SetAutoreload), (4 bytes).
    Removing stm32f10x_tim.o(i.TIM_SetClockDivision), (18 bytes).
    Removing stm32f10x_tim.o(i.TIM_SetCompare1), (4 bytes).
    Removing stm32f10x_tim.o(i.TIM_SetCompare2), (4 bytes).
    Removing stm32f10x_tim.o(i.TIM_SetCompare3), (4 bytes).
    Removing stm32f10x_tim.o(i.TIM_SetCompare4), (6 bytes).
    Removing stm32f10x_tim.o(i.TIM_SetCounter), (4 bytes).
    Removing stm32f10x_tim.o(i.TIM_SetIC1Prescaler), (18 bytes).
    Removing stm32f10x_tim.o(i.TIM_SetIC2Prescaler), (26 bytes).
    Removing stm32f10x_tim.o(i.TIM_SetIC3Prescaler), (18 bytes).
    Removing stm32f10x_tim.o(i.TIM_SetIC4Prescaler), (26 bytes).
    Removing stm32f10x_tim.o(i.TIM_TIxExternalClockConfig), (62 bytes).
    Removing stm32f10x_tim.o(i.TIM_TimeBaseStructInit), (18 bytes).
    Removing stm32f10x_tim.o(i.TIM_UpdateDisableConfig), (24 bytes).
    Removing stm32f10x_tim.o(i.TIM_UpdateRequestConfig), (24 bytes).
    Removing stm32f10x_usart.o(i.USART_ClearFlag), (18 bytes).
    Removing stm32f10x_usart.o(i.USART_ClockInit), (34 bytes).
    Removing stm32f10x_usart.o(i.USART_ClockStructInit), (12 bytes).
    Removing stm32f10x_usart.o(i.USART_DMACmd), (18 bytes).
    Removing stm32f10x_usart.o(i.USART_DeInit), (156 bytes).
    Removing stm32f10x_usart.o(i.USART_HalfDuplexCmd), (24 bytes).
    Removing stm32f10x_usart.o(i.USART_IrDACmd), (24 bytes).
    Removing stm32f10x_usart.o(i.USART_IrDAConfig), (18 bytes).
    Removing stm32f10x_usart.o(i.USART_LINBreakDetectLengthConfig), (18 bytes).
    Removing stm32f10x_usart.o(i.USART_LINCmd), (24 bytes).
    Removing stm32f10x_usart.o(i.USART_OneBitMethodCmd), (24 bytes).
    Removing stm32f10x_usart.o(i.USART_OverSampling8Cmd), (22 bytes).
    Removing stm32f10x_usart.o(i.USART_ReceiverWakeUpCmd), (24 bytes).
    Removing stm32f10x_usart.o(i.USART_SendBreak), (10 bytes).
    Removing stm32f10x_usart.o(i.USART_SetAddress), (18 bytes).
    Removing stm32f10x_usart.o(i.USART_SetGuardTime), (16 bytes).
    Removing stm32f10x_usart.o(i.USART_SetPrescaler), (16 bytes).
    Removing stm32f10x_usart.o(i.USART_SmartCardCmd), (24 bytes).
    Removing stm32f10x_usart.o(i.USART_SmartCardNACKCmd), (24 bytes).
    Removing stm32f10x_usart.o(i.USART_StructInit), (24 bytes).
    Removing stm32f10x_usart.o(i.USART_WakeUpConfig), (18 bytes).
    Removing stm32f10x_wwdg.o(i.WWDG_ClearFlag), (12 bytes).
    Removing stm32f10x_wwdg.o(i.WWDG_DeInit), (22 bytes).
    Removing stm32f10x_wwdg.o(i.WWDG_Enable), (16 bytes).
    Removing stm32f10x_wwdg.o(i.WWDG_EnableIT), (12 bytes).
    Removing stm32f10x_wwdg.o(i.WWDG_GetFlagStatus), (12 bytes).
    Removing stm32f10x_wwdg.o(i.WWDG_SetCounter), (16 bytes).
    Removing stm32f10x_wwdg.o(i.WWDG_SetPrescaler), (24 bytes).
    Removing stm32f10x_wwdg.o(i.WWDG_SetWindowValue), (40 bytes).
    Removing usart.o(i.USART1_Send_ArrayU8), (28 bytes).
    Removing usart.o(i.USART1_Send_U8), (32 bytes).
    Removing usart.o(i._sys_exit), (4 bytes).
    Removing bsp_timer.o(i.delay_time), (20 bytes).
    Removing bsp_timer.o(i.my_delay), (22 bytes).
    Removing bsp_motor_iic.o(i.Read_10_Enconder), (204 bytes).
    Removing bsp_motor_iic.o(i.char2float), (28 bytes).
    Removing ioi2c.o(i.i2cReadWithRetry), (60 bytes).
    Removing ioi2c.o(i.i2cWriteWithRetry), (60 bytes).
    Removing bsp_usart.o(i.USART_Config), (128 bytes).
    Removing bsp_usart.o(i.fgetc), (32 bytes).
    Removing bsp_usart.o(i.fputc_bsp), (36 bytes).
    Removing bsp_soft_i2c.o(i.i2c_CheckDevice), (32 bytes).
    Removing mpu6050.o(i.MPU6050_ReturnTemp), (84 bytes).
    Removing dadd.o(.text), (334 bytes).
    Removing ddiv.o(.text), (222 bytes).
    Removing dflti.o(.text), (34 bytes).
    Removing d2f.o(.text), (56 bytes).
    Removing fepilogue.o(.text), (110 bytes).
    Removing depilogue.o(.text), (186 bytes).
    Removing dmul.o(.text), (228 bytes).
    Removing dfixul.o(.text), (48 bytes).
    Removing cdrcmple.o(.text), (48 bytes).

478 unused section(s) (total 20490 bytes) removed from the image.

==============================================================================

Image Symbol Table

    Local Symbols

    Symbol Name                              Value     Ov Type        Size  Object(Section)

    ../clib/microlib/ctype/ctype.c           0x00000000   Number         0  isdigit_o.o ABSOLUTE
    ../clib/microlib/ctype/ctype.c           0x00000000   Number         0  isgraph_o.o ABSOLUTE
    ../clib/microlib/ctype/ctype.c           0x00000000   Number         0  iscntrl_o.o ABSOLUTE
    ../clib/microlib/ctype/ctype.c           0x00000000   Number         0  isblank_o.o ABSOLUTE
    ../clib/microlib/ctype/ctype.c           0x00000000   Number         0  isspace_o.o ABSOLUTE
    ../clib/microlib/ctype/ctype.c           0x00000000   Number         0  isalpha_o.o ABSOLUTE
    ../clib/microlib/ctype/ctype.c           0x00000000   Number         0  isalnum_o.o ABSOLUTE
    ../clib/microlib/ctype/ctype.c           0x00000000   Number         0  ctype_o.o ABSOLUTE
    ../clib/microlib/ctype/ctype.c           0x00000000   Number         0  isxdigit_o.o ABSOLUTE
    ../clib/microlib/ctype/ctype.c           0x00000000   Number         0  isupper_o.o ABSOLUTE
    ../clib/microlib/ctype/ctype.c           0x00000000   Number         0  ispunct_o.o ABSOLUTE
    ../clib/microlib/ctype/ctype.c           0x00000000   Number         0  isprint_o.o ABSOLUTE
    ../clib/microlib/ctype/ctype.c           0x00000000   Number         0  islower_o.o ABSOLUTE
    ../clib/microlib/division.c              0x00000000   Number         0  uidiv.o ABSOLUTE
    ../clib/microlib/division.c              0x00000000   Number         0  uldiv.o ABSOLUTE
    ../clib/microlib/errno.c                 0x00000000   Number         0  errno.o ABSOLUTE
    ../clib/microlib/init/entry.s            0x00000000   Number         0  entry12b.o ABSOLUTE
    ../clib/microlib/init/entry.s            0x00000000   Number         0  entry.o ABSOLUTE
    ../clib/microlib/init/entry.s            0x00000000   Number         0  entry10a.o ABSOLUTE
    ../clib/microlib/init/entry.s            0x00000000   Number         0  entry2.o ABSOLUTE
    ../clib/microlib/init/entry.s            0x00000000   Number         0  entry5.o ABSOLUTE
    ../clib/microlib/init/entry.s            0x00000000   Number         0  entry7a.o ABSOLUTE
    ../clib/microlib/init/entry.s            0x00000000   Number         0  entry7b.o ABSOLUTE
    ../clib/microlib/init/entry.s            0x00000000   Number         0  entry8a.o ABSOLUTE
    ../clib/microlib/init/entry.s            0x00000000   Number         0  entry8b.o ABSOLUTE
    ../clib/microlib/init/entry.s            0x00000000   Number         0  entry12a.o ABSOLUTE
    ../clib/microlib/init/entry.s            0x00000000   Number         0  entry9a.o ABSOLUTE
    ../clib/microlib/init/entry.s            0x00000000   Number         0  entry9b.o ABSOLUTE
    ../clib/microlib/init/entry.s            0x00000000   Number         0  entry10b.o ABSOLUTE
    ../clib/microlib/init/entry.s            0x00000000   Number         0  entry11a.o ABSOLUTE
    ../clib/microlib/init/entry.s            0x00000000   Number         0  entry11b.o ABSOLUTE
    ../clib/microlib/longlong.c              0x00000000   Number         0  llsshr.o ABSOLUTE
    ../clib/microlib/longlong.c              0x00000000   Number         0  llshl.o ABSOLUTE
    ../clib/microlib/longlong.c              0x00000000   Number         0  llushr.o ABSOLUTE
    ../clib/microlib/malloc/malloc.c         0x00000000   Number         0  malloca.o ABSOLUTE
    ../clib/microlib/malloc/malloc.c         0x00000000   Number         0  mallocr.o ABSOLUTE
    ../clib/microlib/malloc/malloc.c         0x00000000   Number         0  mallocra.o ABSOLUTE
    ../clib/microlib/malloc/malloc.c         0x00000000   Number         0  malloc.o ABSOLUTE
    ../clib/microlib/malloc/mvars.c          0x00000000   Number         0  mvars.o ABSOLUTE
    ../clib/microlib/printf/printf.c         0x00000000   Number         0  printf1.o ABSOLUTE
    ../clib/microlib/printf/printf.c         0x00000000   Number         0  printfb.o ABSOLUTE
    ../clib/microlib/printf/printf.c         0x00000000   Number         0  printf2.o ABSOLUTE
    ../clib/microlib/printf/printf.c         0x00000000   Number         0  printf3.o ABSOLUTE
    ../clib/microlib/printf/printf.c         0x00000000   Number         0  printf4.o ABSOLUTE
    ../clib/microlib/printf/printf.c         0x00000000   Number         0  printf0.o ABSOLUTE
    ../clib/microlib/printf/printf.c         0x00000000   Number         0  printf6.o ABSOLUTE
    ../clib/microlib/printf/printf.c         0x00000000   Number         0  printf7.o ABSOLUTE
    ../clib/microlib/printf/printf.c         0x00000000   Number         0  printf8.o ABSOLUTE
    ../clib/microlib/printf/printf.c         0x00000000   Number         0  printfa.o ABSOLUTE
    ../clib/microlib/printf/printf.c         0x00000000   Number         0  printf5.o ABSOLUTE
    ../clib/microlib/printf/stubs.s          0x00000000   Number         0  stubs.o ABSOLUTE
    ../clib/microlib/string/memcpy.c         0x00000000   Number         0  memcpyb.o ABSOLUTE
    ../clib/microlib/string/memcpy.c         0x00000000   Number         0  memcpya.o ABSOLUTE
    ../clib/microlib/stubs.s                 0x00000000   Number         0  iusefp.o ABSOLUTE
    ../clib/microlib/stubs.s                 0x00000000   Number         0  useno.o ABSOLUTE
    ../clib/scanf.c                          0x00000000   Number         0  _chval.o ABSOLUTE
    ../clib/scanf.c                          0x00000000   Number         0  _strtoul.o ABSOLUTE
    ../clib/scanf.c                          0x00000000   Number         0  strtol.o ABSOLUTE
    ../clib/scanf.c                          0x00000000   Number         0  atol.o ABSOLUTE
    ../fplib/microlib/d2f.c                  0x00000000   Number         0  d2f.o ABSOLUTE
    ../fplib/microlib/fpadd.c                0x00000000   Number         0  dadd.o ABSOLUTE
    ../fplib/microlib/fpdiv.c                0x00000000   Number         0  ddiv.o ABSOLUTE
    ../fplib/microlib/fpepilogue.c           0x00000000   Number         0  fepilogue.o ABSOLUTE
    ../fplib/microlib/fpepilogue.c           0x00000000   Number         0  depilogue.o ABSOLUTE
    ../fplib/microlib/fpfix.c                0x00000000   Number         0  dfixul.o ABSOLUTE
    ../fplib/microlib/fpflt.c                0x00000000   Number         0  dflti.o ABSOLUTE
    ../fplib/microlib/fpmul.c                0x00000000   Number         0  dmul.o ABSOLUTE
    ..\BSP\Delay\delay.c                     0x00000000   Number         0  delay.o ABSOLUTE
    ..\BSP\Timer\bsp_timer.c                 0x00000000   Number         0  bsp_timer.o ABSOLUTE
    ..\BSP\Usart1\usart.c                    0x00000000   Number         0  usart.o ABSOLUTE
    ..\BSP\bsp.c                             0x00000000   Number         0  bsp.o ABSOLUTE
    ..\BSP\motor_model\IOI2C.c               0x00000000   Number         0  ioi2c.o ABSOLUTE
    ..\BSP\motor_model\bsp_motor_iic.c       0x00000000   Number         0  bsp_motor_iic.o ABSOLUTE
    ..\CMSIS\core_cm3.c                      0x00000000   Number         0  core_cm3.o ABSOLUTE
    ..\CMSIS\startup_stm32f10x_hd.s          0x00000000   Number         0  startup_stm32f10x_hd.o ABSOLUTE
    ..\CMSIS\system_stm32f10x.c              0x00000000   Number         0  system_stm32f10x.o ABSOLUTE
    ..\FWLib\src\misc.c                      0x00000000   Number         0  misc.o ABSOLUTE
    ..\FWLib\src\stm32f10x_adc.c             0x00000000   Number         0  stm32f10x_adc.o ABSOLUTE
    ..\FWLib\src\stm32f10x_bkp.c             0x00000000   Number         0  stm32f10x_bkp.o ABSOLUTE
    ..\FWLib\src\stm32f10x_can.c             0x00000000   Number         0  stm32f10x_can.o ABSOLUTE
    ..\FWLib\src\stm32f10x_cec.c             0x00000000   Number         0  stm32f10x_cec.o ABSOLUTE
    ..\FWLib\src\stm32f10x_crc.c             0x00000000   Number         0  stm32f10x_crc.o ABSOLUTE
    ..\FWLib\src\stm32f10x_dac.c             0x00000000   Number         0  stm32f10x_dac.o ABSOLUTE
    ..\FWLib\src\stm32f10x_dbgmcu.c          0x00000000   Number         0  stm32f10x_dbgmcu.o ABSOLUTE
    ..\FWLib\src\stm32f10x_dma.c             0x00000000   Number         0  stm32f10x_dma.o ABSOLUTE
    ..\FWLib\src\stm32f10x_exti.c            0x00000000   Number         0  stm32f10x_exti.o ABSOLUTE
    ..\FWLib\src\stm32f10x_flash.c           0x00000000   Number         0  stm32f10x_flash.o ABSOLUTE
    ..\FWLib\src\stm32f10x_fsmc.c            0x00000000   Number         0  stm32f10x_fsmc.o ABSOLUTE
    ..\FWLib\src\stm32f10x_gpio.c            0x00000000   Number         0  stm32f10x_gpio.o ABSOLUTE
    ..\FWLib\src\stm32f10x_i2c.c             0x00000000   Number         0  stm32f10x_i2c.o ABSOLUTE
    ..\FWLib\src\stm32f10x_iwdg.c            0x00000000   Number         0  stm32f10x_iwdg.o ABSOLUTE
    ..\FWLib\src\stm32f10x_pwr.c             0x00000000   Number         0  stm32f10x_pwr.o ABSOLUTE
    ..\FWLib\src\stm32f10x_rcc.c             0x00000000   Number         0  stm32f10x_rcc.o ABSOLUTE
    ..\FWLib\src\stm32f10x_rtc.c             0x00000000   Number         0  stm32f10x_rtc.o ABSOLUTE
    ..\FWLib\src\stm32f10x_sdio.c            0x00000000   Number         0  stm32f10x_sdio.o ABSOLUTE
    ..\FWLib\src\stm32f10x_spi.c             0x00000000   Number         0  stm32f10x_spi.o ABSOLUTE
    ..\FWLib\src\stm32f10x_tim.c             0x00000000   Number         0  stm32f10x_tim.o ABSOLUTE
    ..\FWLib\src\stm32f10x_usart.c           0x00000000   Number         0  stm32f10x_usart.o ABSOLUTE
    ..\FWLib\src\stm32f10x_wwdg.c            0x00000000   Number         0  stm32f10x_wwdg.o ABSOLUTE
    ..\\CMSIS\\core_cm3.c                    0x00000000   Number         0  core_cm3.o ABSOLUTE
    bsp_soft_i2c.c                           0x00000000   Number         0  bsp_soft_i2c.o ABSOLUTE
    bsp_usart.c                              0x00000000   Number         0  bsp_usart.o ABSOLUTE
    cdrcmple.s                               0x00000000   Number         0  cdrcmple.o ABSOLUTE
    dc.s                                     0x00000000   Number         0  dc.o ABSOLUTE
    handlers.s                               0x00000000   Number         0  handlers.o ABSOLUTE
    init.s                                   0x00000000   Number         0  init.o ABSOLUTE
    main.c                                   0x00000000   Number         0  main.o ABSOLUTE
    mpu6050.c                                0x00000000   Number         0  mpu6050.o ABSOLUTE
    stm32f10x_it.c                           0x00000000   Number         0  stm32f10x_it.o ABSOLUTE
    RESET                                    0x08000000   Section      304  startup_stm32f10x_hd.o(RESET)
    .ARM.Collect$$$$00000000                 0x08000130   Section        0  entry.o(.ARM.Collect$$$$00000000)
    .ARM.Collect$$$$00000001                 0x08000130   Section        4  entry2.o(.ARM.Collect$$$$00000001)
    .ARM.Collect$$$$00000004                 0x08000134   Section        4  entry5.o(.ARM.Collect$$$$00000004)
    .ARM.Collect$$$$00000008                 0x08000138   Section        0  entry7b.o(.ARM.Collect$$$$00000008)
    .ARM.Collect$$$$0000000A                 0x08000138   Section        0  entry8b.o(.ARM.Collect$$$$0000000A)
    .ARM.Collect$$$$0000000B                 0x08000138   Section        8  entry9a.o(.ARM.Collect$$$$0000000B)
    .ARM.Collect$$$$0000000E                 0x08000140   Section        4  entry12b.o(.ARM.Collect$$$$0000000E)
    .ARM.Collect$$$$0000000F                 0x08000144   Section        0  entry10a.o(.ARM.Collect$$$$0000000F)
    .ARM.Collect$$$$00000011                 0x08000144   Section        0  entry11a.o(.ARM.Collect$$$$00000011)
    .ARM.Collect$$$$00002712                 0x08000144   Section        4  entry2.o(.ARM.Collect$$$$00002712)
    __lit__00000000                          0x08000144   Data           4  entry2.o(.ARM.Collect$$$$00002712)
    .text                                    0x08000148   Section       36  startup_stm32f10x_hd.o(.text)
    .text                                    0x0800016c   Section        0  atol.o(.text)
    .text                                    0x08000186   Section        0  uldiv.o(.text)
    .text                                    0x080001e8   Section        0  llshl.o(.text)
    .text                                    0x08000206   Section        0  strtol.o(.text)
    .text                                    0x08000278   Section       36  init.o(.text)
    .text                                    0x0800029c   Section        0  llushr.o(.text)
    .text                                    0x080002bc   Section        0  ctype_o.o(.text)
    .text                                    0x080002c4   Section        0  _strtoul.o(.text)
    .text                                    0x08000362   Section        0  _chval.o(.text)
    i.BusFault_Handler                       0x0800037e   Section        0  stm32f10x_it.o(i.BusFault_Handler)
    i.CalculateOdometry                      0x08000384   Section        0  main.o(i.CalculateOdometry)
    i.CheckCommandTimeout                    0x08000438   Section        0  main.o(i.CheckCommandTimeout)
    i.DIY_NVIC_PriorityGroupConfig           0x08000464   Section        0  bsp.o(i.DIY_NVIC_PriorityGroupConfig)
    i.DebugMon_Handler                       0x0800048c   Section        0  stm32f10x_it.o(i.DebugMon_Handler)
    i.ExecuteCommand                         0x08000490   Section        0  main.o(i.ExecuteCommand)
    i.GPIO_Init                              0x08000520   Section        0  stm32f10x_gpio.o(i.GPIO_Init)
    i.GetSystemTime                          0x08000638   Section        0  main.o(i.GetSystemTime)
    i.HardFault_Handler                      0x0800065c   Section        0  stm32f10x_it.o(i.HardFault_Handler)
    i.IIC_Ack                                0x08000660   Section        0  ioi2c.o(i.IIC_Ack)
    i.IIC_Motor_Init                         0x080006ac   Section        0  bsp_motor_iic.o(i.IIC_Motor_Init)
    i.IIC_NAck                               0x080006d8   Section        0  ioi2c.o(i.IIC_NAck)
    i.IIC_Read_Byte                          0x08000724   Section        0  ioi2c.o(i.IIC_Read_Byte)
    i.IIC_Send_Byte                          0x08000794   Section        0  ioi2c.o(i.IIC_Send_Byte)
    i.IIC_Start                              0x080007f8   Section        0  ioi2c.o(i.IIC_Start)
    i.IIC_Stop                               0x08000860   Section        0  ioi2c.o(i.IIC_Stop)
    i.IIC_Wait_Ack                           0x080008a8   Section        0  ioi2c.o(i.IIC_Wait_Ack)
    i.JTAG_Set                               0x08000910   Section        0  bsp.o(i.JTAG_Set)
    i.MPU6050ReadAcc                         0x08000940   Section        0  mpu6050.o(i.MPU6050ReadAcc)
    i.MPU6050ReadGyro                        0x08000980   Section        0  mpu6050.o(i.MPU6050ReadGyro)
    i.MPU6050ReadID                          0x080009c0   Section        0  mpu6050.o(i.MPU6050ReadID)
    i.MPU6050ReadTemp                        0x08000a08   Section        0  mpu6050.o(i.MPU6050ReadTemp)
    i.MPU6050_Init                           0x08000a28   Section        0  mpu6050.o(i.MPU6050_Init)
    i.MPU6050_ReadData                       0x08000bac   Section        0  mpu6050.o(i.MPU6050_ReadData)
    i.MPU6050_WriteReg                       0x08000c04   Section        0  mpu6050.o(i.MPU6050_WriteReg)
    i.MemManage_Handler                      0x08000c32   Section        0  stm32f10x_it.o(i.MemManage_Handler)
    i.NMI_Handler                            0x08000c36   Section        0  stm32f10x_it.o(i.NMI_Handler)
    i.NVIC_Init                              0x08000c38   Section        0  misc.o(i.NVIC_Init)
    i.PendSV_Handler                         0x08000ca8   Section        0  stm32f10x_it.o(i.PendSV_Handler)
    i.RCC_APB1PeriphClockCmd                 0x08000cac   Section        0  stm32f10x_rcc.o(i.RCC_APB1PeriphClockCmd)
    i.RCC_APB2PeriphClockCmd                 0x08000ccc   Section        0  stm32f10x_rcc.o(i.RCC_APB2PeriphClockCmd)
    i.RCC_GetClocksFreq                      0x08000cec   Section        0  stm32f10x_rcc.o(i.RCC_GetClocksFreq)
    i.ReadEncoderData                        0x08000dc0   Section        0  main.o(i.ReadEncoderData)
    i.Read_ALL_Enconder                      0x08000e8c   Section        0  bsp_motor_iic.o(i.Read_ALL_Enconder)
    i.SVC_Handler                            0x08000f7c   Section        0  stm32f10x_it.o(i.SVC_Handler)
    i.SendEncoderData                        0x08000f80   Section        0  main.o(i.SendEncoderData)
    i.SendIMUData                            0x0800100c   Section        0  main.o(i.SendIMUData)
    i.SetSysClock                            0x08001148   Section        0  system_stm32f10x.o(i.SetSysClock)
    SetSysClock                              0x08001149   Thumb Code     8  system_stm32f10x.o(i.SetSysClock)
    i.SetSysClockTo72                        0x08001150   Section        0  system_stm32f10x.o(i.SetSysClockTo72)
    SetSysClockTo72                          0x08001151   Thumb Code   214  system_stm32f10x.o(i.SetSysClockTo72)
    i.Set_Pluse_Phase                        0x08001230   Section        0  bsp_motor_iic.o(i.Set_Pluse_Phase)
    i.Set_Pluse_line                         0x08001250   Section        0  bsp_motor_iic.o(i.Set_Pluse_line)
    i.Set_Wheel_dis                          0x08001270   Section        0  bsp_motor_iic.o(i.Set_Wheel_dis)
    i.Set_motor_deadzone                     0x08001290   Section        0  bsp_motor_iic.o(i.Set_motor_deadzone)
    i.Set_motor_type                         0x080012b0   Section        0  bsp_motor_iic.o(i.Set_motor_type)
    i.SmoothControlSpeed                     0x080012c0   Section        0  main.o(i.SmoothControlSpeed)
    i.SyncSystemTime                         0x08001348   Section        0  main.o(i.SyncSystemTime)
    i.SysTick_CLKSourceConfig                0x0800138c   Section        0  misc.o(i.SysTick_CLKSourceConfig)
    i.SysTick_Handler                        0x080013b4   Section        0  stm32f10x_it.o(i.SysTick_Handler)
    i.SystemInit                             0x080013b8   Section        0  system_stm32f10x.o(i.SystemInit)
    i.TIM3_IRQHandler                        0x08001418   Section        0  bsp_timer.o(i.TIM3_IRQHandler)
    i.TIM3_Init                              0x08001468   Section        0  bsp_timer.o(i.TIM3_Init)
    i.TIM_ClearFlag                          0x080014c8   Section        0  stm32f10x_tim.o(i.TIM_ClearFlag)
    i.TIM_ClearITPendingBit                  0x080014ce   Section        0  stm32f10x_tim.o(i.TIM_ClearITPendingBit)
    i.TIM_Cmd                                0x080014d4   Section        0  stm32f10x_tim.o(i.TIM_Cmd)
    i.TIM_GetITStatus                        0x080014ec   Section        0  stm32f10x_tim.o(i.TIM_GetITStatus)
    i.TIM_ITConfig                           0x0800150e   Section        0  stm32f10x_tim.o(i.TIM_ITConfig)
    i.TIM_TimeBaseInit                       0x08001520   Section        0  stm32f10x_tim.o(i.TIM_TimeBaseInit)
    i.USART1_IRQHandler                      0x080015c4   Section        0  main.o(i.USART1_IRQHandler)
    i.USART1_Init                            0x08001680   Section        0  main.o(i.USART1_Init)
    i.USART_ClearITPendingBit                0x08001724   Section        0  stm32f10x_usart.o(i.USART_ClearITPendingBit)
    i.USART_Cmd                              0x08001742   Section        0  stm32f10x_usart.o(i.USART_Cmd)
    i.USART_GetFlagStatus                    0x0800175a   Section        0  stm32f10x_usart.o(i.USART_GetFlagStatus)
    i.USART_GetITStatus                      0x08001774   Section        0  stm32f10x_usart.o(i.USART_GetITStatus)
    i.USART_ITConfig                         0x080017c8   Section        0  stm32f10x_usart.o(i.USART_ITConfig)
    i.USART_Init                             0x08001814   Section        0  stm32f10x_usart.o(i.USART_Init)
    i.USART_ReceiveData                      0x080018ec   Section        0  stm32f10x_usart.o(i.USART_ReceiveData)
    i.USART_SendData                         0x080018f6   Section        0  stm32f10x_usart.o(i.USART_SendData)
    i.UsageFault_Handler                     0x080018fe   Section        0  stm32f10x_it.o(i.UsageFault_Handler)
    i.__0printf$8                            0x08001904   Section        0  printf8.o(i.__0printf$8)
    i.__0snprintf$8                          0x08001924   Section        0  printf8.o(i.__0snprintf$8)
    i.__aeabi_errno_addr                     0x08001958   Section        0  errno.o(i.__aeabi_errno_addr)
    i.__scatterload_copy                     0x08001960   Section       14  handlers.o(i.__scatterload_copy)
    i.__scatterload_null                     0x0800196e   Section        2  handlers.o(i.__scatterload_null)
    i.__scatterload_zeroinit                 0x08001970   Section       14  handlers.o(i.__scatterload_zeroinit)
    i._printf_core                           0x08001980   Section        0  printf8.o(i._printf_core)
    _printf_core                             0x08001981   Thumb Code   984  printf8.o(i._printf_core)
    i._printf_post_padding                   0x08001d84   Section        0  printf8.o(i._printf_post_padding)
    _printf_post_padding                     0x08001d85   Thumb Code    36  printf8.o(i._printf_post_padding)
    i._printf_pre_padding                    0x08001da8   Section        0  printf8.o(i._printf_pre_padding)
    _printf_pre_padding                      0x08001da9   Thumb Code    46  printf8.o(i._printf_pre_padding)
    i._snputc                                0x08001dd6   Section        0  printf8.o(i._snputc)
    _snputc                                  0x08001dd7   Thumb Code    22  printf8.o(i._snputc)
    i.bsp_init                               0x08001dec   Section        0  bsp.o(i.bsp_init)
    i.control_pwm                            0x08001e10   Section        0  bsp_motor_iic.o(i.control_pwm)
    i.control_speed                          0x08001e4c   Section        0  bsp_motor_iic.o(i.control_speed)
    i.delay_init                             0x08001e88   Section        0  delay.o(i.delay_init)
    i.delay_ms                               0x08001ed4   Section        0  delay.o(i.delay_ms)
    i.delay_us                               0x08001f10   Section        0  delay.o(i.delay_us)
    i.float_to_bytes                         0x08001f4c   Section        0  bsp_motor_iic.o(i.float_to_bytes)
    i.fputc                                  0x08001f50   Section        0  usart.o(i.fputc)
    i.i2cRead                                0x08001f6c   Section        0  ioi2c.o(i.i2cRead)
    i.i2cWrite                               0x08001fe2   Section        0  ioi2c.o(i.i2cWrite)
    i.i2c_Ack                                0x08002044   Section        0  bsp_soft_i2c.o(i.i2c_Ack)
    i.i2c_Delay                              0x08002074   Section        0  bsp_soft_i2c.o(i.i2c_Delay)
    i2c_Delay                                0x08002075   Thumb Code    14  bsp_soft_i2c.o(i.i2c_Delay)
    i.i2c_GPIO_Config                        0x08002084   Section        0  bsp_soft_i2c.o(i.i2c_GPIO_Config)
    i.i2c_NAck                               0x080020b4   Section        0  bsp_soft_i2c.o(i.i2c_NAck)
    i.i2c_ReadByte                           0x080020dc   Section        0  bsp_soft_i2c.o(i.i2c_ReadByte)
    i.i2c_SendByte                           0x0800212c   Section        0  bsp_soft_i2c.o(i.i2c_SendByte)
    i.i2c_Start                              0x08002180   Section        0  bsp_soft_i2c.o(i.i2c_Start)
    i.i2c_Stop                               0x080021b0   Section        0  bsp_soft_i2c.o(i.i2c_Stop)
    i.i2c_WaitAck                            0x080021d0   Section        0  bsp_soft_i2c.o(i.i2c_WaitAck)
    i.main                                   0x0800220c   Section        0  main.o(i.main)
    i.uart_init                              0x08002510   Section        0  usart.o(i.uart_init)
    .constdata                               0x080025b0   Section      129  ctype_o.o(.constdata)
    .constdata                               0x08002634   Section        4  ctype_o.o(.constdata)
    table                                    0x08002634   Data           4  ctype_o.o(.constdata)
    .conststring                             0x08002638   Section      287  main.o(.conststring)
    .conststring                             0x08002758   Section       77  mpu6050.o(.conststring)
    .data                                    0x20000000   Section       76  main.o(.data)
    monotonic_time_ms                        0x20000010   Data           4  main.o(.data)
    last_timestamp                           0x20000014   Data           4  main.o(.data)
    last_motor_speeds                        0x2000002c   Data           8  main.o(.data)
    error_count                              0x20000034   Data           1  main.o(.data)
    last_error_report                        0x20000038   Data           4  main.o(.data)
    error_count                              0x2000003c   Data           1  main.o(.data)
    last_error_time                          0x20000040   Data           4  main.o(.data)
    last_stop_time                           0x20000044   Data           4  main.o(.data)
    last_stop_time                           0x20000048   Data           4  main.o(.data)
    .data                                    0x2000004c   Section       20  system_stm32f10x.o(.data)
    .data                                    0x20000060   Section       20  stm32f10x_rcc.o(.data)
    APBAHBPrescTable                         0x20000060   Data          16  stm32f10x_rcc.o(.data)
    ADCPrescTable                            0x20000070   Data           4  stm32f10x_rcc.o(.data)
    .data                                    0x20000074   Section        4  delay.o(.data)
    fac_us                                   0x20000074   Data           1  delay.o(.data)
    fac_ms                                   0x20000076   Data           2  delay.o(.data)
    .data                                    0x20000078   Section        4  usart.o(.data)
    .data                                    0x2000007c   Section        8  bsp_timer.o(.data)
    stop_time                                0x2000007c   Data           2  bsp_timer.o(.data)
    monotonic_time_ms                        0x20000080   Data           4  bsp_timer.o(.data)
    .data                                    0x20000084   Section       32  bsp_motor_iic.o(.data)
    buf_tempzone                             0x20000084   Data           2  bsp_motor_iic.o(.data)
    buf_templine                             0x20000086   Data           2  bsp_motor_iic.o(.data)
    buf_tempPhase                            0x20000088   Data           2  bsp_motor_iic.o(.data)
    bytes                                    0x2000008a   Data           4  bsp_motor_iic.o(.data)
    speed                                    0x2000008e   Data           8  bsp_motor_iic.o(.data)
    pwm                                      0x20000096   Data           8  bsp_motor_iic.o(.data)
    buf                                      0x2000009e   Data           2  bsp_motor_iic.o(.data)
    buf                                      0x200000a0   Data           2  bsp_motor_iic.o(.data)
    buf2                                     0x200000a2   Data           2  bsp_motor_iic.o(.data)
    .data                                    0x200000a4   Section        4  errno.o(.data)
    _errno                                   0x200000a4   Data           4  errno.o(.data)
    .bss                                     0x200000a8   Section      344  main.o(.bss)
    last_valid_encoder_data                  0x200001b8   Data          16  main.o(.bss)
    Encoder_Prev                             0x200001c8   Data          16  main.o(.bss)
    .bss                                     0x20000200   Section       32  bsp_motor_iic.o(.bss)
    STACK                                    0x20000220   Section     1024  startup_stm32f10x_hd.o(STACK)

    Global Symbols

    Symbol Name                              Value     Ov Type        Size  Object(Section)

    BuildAttributes$$THM_ISAv4$P$D$K$B$S$PE$A:L22UL41UL21$X:L11$S22US41US21$IEEE1$IW$USESV6$~STKCKD$USESV7$~SHL$OTIME$ROPI$EBA8$MICROLIB$REQ8$PRES8$EABIv2 0x00000000   Number         0  anon$$obj.o ABSOLUTE
    __ARM_use_no_argv                        0x00000000   Number         0  main.o ABSOLUTE
    __use_no_errno                           0x00000000   Number         0  useno.o ABSOLUTE
    __use_no_exception_handling              0x00000000   Number         0  useno.o ABSOLUTE
    __use_no_fp                              0x00000000   Number         0  useno.o ABSOLUTE
    __use_no_heap                            0x00000000   Number         0  useno.o ABSOLUTE
    __use_no_heap_region                     0x00000000   Number         0  useno.o ABSOLUTE
    __use_no_semihosting                     0x00000000   Number         0  useno.o ABSOLUTE
    __use_no_semihosting_swi                 0x00000000   Number         0  useno.o ABSOLUTE
    __use_no_signal_handling                 0x00000000   Number         0  useno.o ABSOLUTE
    _printf_a                                0x00000000   Number         0  stubs.o ABSOLUTE
    _printf_c                                0x00000000   Number         0  stubs.o ABSOLUTE
    _printf_charcount                        0x00000000   Number         0  stubs.o ABSOLUTE
    _printf_d                                0x00000000   Number         0  stubs.o ABSOLUTE
    _printf_e                                0x00000000   Number         0  stubs.o ABSOLUTE
    _printf_f                                0x00000000   Number         0  stubs.o ABSOLUTE
    _printf_flags                            0x00000000   Number         0  stubs.o ABSOLUTE
    _printf_fp_dec                           0x00000000   Number         0  stubs.o ABSOLUTE
    _printf_fp_hex                           0x00000000   Number         0  stubs.o ABSOLUTE
    _printf_g                                0x00000000   Number         0  stubs.o ABSOLUTE
    _printf_i                                0x00000000   Number         0  stubs.o ABSOLUTE
    _printf_int_dec                          0x00000000   Number         0  stubs.o ABSOLUTE
    _printf_l                                0x00000000   Number         0  stubs.o ABSOLUTE
    _printf_lc                               0x00000000   Number         0  stubs.o ABSOLUTE
    _printf_ll                               0x00000000   Number         0  stubs.o ABSOLUTE
    _printf_lld                              0x00000000   Number         0  stubs.o ABSOLUTE
    _printf_lli                              0x00000000   Number         0  stubs.o ABSOLUTE
    _printf_llo                              0x00000000   Number         0  stubs.o ABSOLUTE
    _printf_llu                              0x00000000   Number         0  stubs.o ABSOLUTE
    _printf_llx                              0x00000000   Number         0  stubs.o ABSOLUTE
    _printf_longlong_dec                     0x00000000   Number         0  stubs.o ABSOLUTE
    _printf_longlong_hex                     0x00000000   Number         0  stubs.o ABSOLUTE
    _printf_longlong_oct                     0x00000000   Number         0  stubs.o ABSOLUTE
    _printf_ls                               0x00000000   Number         0  stubs.o ABSOLUTE
    _printf_mbtowc                           0x00000000   Number         0  stubs.o ABSOLUTE
    _printf_n                                0x00000000   Number         0  stubs.o ABSOLUTE
    _printf_o                                0x00000000   Number         0  stubs.o ABSOLUTE
    _printf_p                                0x00000000   Number         0  stubs.o ABSOLUTE
    _printf_percent                          0x00000000   Number         0  stubs.o ABSOLUTE
    _printf_pre_padding                      0x00000000   Number         0  stubs.o ABSOLUTE
    _printf_return_value                     0x00000000   Number         0  stubs.o ABSOLUTE
    _printf_s                                0x00000000   Number         0  stubs.o ABSOLUTE
    _printf_sizespec                         0x00000000   Number         0  stubs.o ABSOLUTE
    _printf_str                              0x00000000   Number         0  stubs.o ABSOLUTE
    _printf_truncate_signed                  0x00000000   Number         0  stubs.o ABSOLUTE
    _printf_truncate_unsigned                0x00000000   Number         0  stubs.o ABSOLUTE
    _printf_u                                0x00000000   Number         0  stubs.o ABSOLUTE
    _printf_wc                               0x00000000   Number         0  stubs.o ABSOLUTE
    _printf_wctomb                           0x00000000   Number         0  stubs.o ABSOLUTE
    _printf_widthprec                        0x00000000   Number         0  stubs.o ABSOLUTE
    _printf_x                                0x00000000   Number         0  stubs.o ABSOLUTE
    __arm_fini_                               - Undefined Weak Reference
    __cpp_initialize__aeabi_                  - Undefined Weak Reference
    __cxa_finalize                            - Undefined Weak Reference
    __decompress                              - Undefined Weak Reference
    _clock_init                               - Undefined Weak Reference
    _microlib_exit                            - Undefined Weak Reference
    __Vectors_Size                           0x00000130   Number         0  startup_stm32f10x_hd.o ABSOLUTE
    __Vectors                                0x08000000   Data           4  startup_stm32f10x_hd.o(RESET)
    __Vectors_End                            0x08000130   Data           0  startup_stm32f10x_hd.o(RESET)
    __main                                   0x08000131   Thumb Code     0  entry.o(.ARM.Collect$$$$00000000)
    _main_stk                                0x08000131   Thumb Code     0  entry2.o(.ARM.Collect$$$$00000001)
    _main_scatterload                        0x08000135   Thumb Code     0  entry5.o(.ARM.Collect$$$$00000004)
    __main_after_scatterload                 0x08000139   Thumb Code     0  entry5.o(.ARM.Collect$$$$00000004)
    _main_clock                              0x08000139   Thumb Code     0  entry7b.o(.ARM.Collect$$$$00000008)
    _main_cpp_init                           0x08000139   Thumb Code     0  entry8b.o(.ARM.Collect$$$$0000000A)
    _main_init                               0x08000139   Thumb Code     0  entry9a.o(.ARM.Collect$$$$0000000B)
    __rt_lib_shutdown_fini                   0x08000141   Thumb Code     0  entry12b.o(.ARM.Collect$$$$0000000E)
    __rt_final_cpp                           0x08000145   Thumb Code     0  entry10a.o(.ARM.Collect$$$$0000000F)
    __rt_final_exit                          0x08000145   Thumb Code     0  entry11a.o(.ARM.Collect$$$$00000011)
    Reset_Handler                            0x08000149   Thumb Code     8  startup_stm32f10x_hd.o(.text)
    ADC1_2_IRQHandler                        0x08000163   Thumb Code     0  startup_stm32f10x_hd.o(.text)
    ADC3_IRQHandler                          0x08000163   Thumb Code     0  startup_stm32f10x_hd.o(.text)
    CAN1_RX1_IRQHandler                      0x08000163   Thumb Code     0  startup_stm32f10x_hd.o(.text)
    CAN1_SCE_IRQHandler                      0x08000163   Thumb Code     0  startup_stm32f10x_hd.o(.text)
    DMA1_Channel1_IRQHandler                 0x08000163   Thumb Code     0  startup_stm32f10x_hd.o(.text)
    DMA1_Channel2_IRQHandler                 0x08000163   Thumb Code     0  startup_stm32f10x_hd.o(.text)
    DMA1_Channel3_IRQHandler                 0x08000163   Thumb Code     0  startup_stm32f10x_hd.o(.text)
    DMA1_Channel4_IRQHandler                 0x08000163   Thumb Code     0  startup_stm32f10x_hd.o(.text)
    DMA1_Channel5_IRQHandler                 0x08000163   Thumb Code     0  startup_stm32f10x_hd.o(.text)
    DMA1_Channel6_IRQHandler                 0x08000163   Thumb Code     0  startup_stm32f10x_hd.o(.text)
    DMA1_Channel7_IRQHandler                 0x08000163   Thumb Code     0  startup_stm32f10x_hd.o(.text)
    DMA2_Channel1_IRQHandler                 0x08000163   Thumb Code     0  startup_stm32f10x_hd.o(.text)
    DMA2_Channel2_IRQHandler                 0x08000163   Thumb Code     0  startup_stm32f10x_hd.o(.text)
    DMA2_Channel3_IRQHandler                 0x08000163   Thumb Code     0  startup_stm32f10x_hd.o(.text)
    DMA2_Channel4_5_IRQHandler               0x08000163   Thumb Code     0  startup_stm32f10x_hd.o(.text)
    EXTI0_IRQHandler                         0x08000163   Thumb Code     0  startup_stm32f10x_hd.o(.text)
    EXTI15_10_IRQHandler                     0x08000163   Thumb Code     0  startup_stm32f10x_hd.o(.text)
    EXTI1_IRQHandler                         0x08000163   Thumb Code     0  startup_stm32f10x_hd.o(.text)
    EXTI2_IRQHandler                         0x08000163   Thumb Code     0  startup_stm32f10x_hd.o(.text)
    EXTI3_IRQHandler                         0x08000163   Thumb Code     0  startup_stm32f10x_hd.o(.text)
    EXTI4_IRQHandler                         0x08000163   Thumb Code     0  startup_stm32f10x_hd.o(.text)
    EXTI9_5_IRQHandler                       0x08000163   Thumb Code     0  startup_stm32f10x_hd.o(.text)
    FLASH_IRQHandler                         0x08000163   Thumb Code     0  startup_stm32f10x_hd.o(.text)
    FSMC_IRQHandler                          0x08000163   Thumb Code     0  startup_stm32f10x_hd.o(.text)
    I2C1_ER_IRQHandler                       0x08000163   Thumb Code     0  startup_stm32f10x_hd.o(.text)
    I2C1_EV_IRQHandler                       0x08000163   Thumb Code     0  startup_stm32f10x_hd.o(.text)
    I2C2_ER_IRQHandler                       0x08000163   Thumb Code     0  startup_stm32f10x_hd.o(.text)
    I2C2_EV_IRQHandler                       0x08000163   Thumb Code     0  startup_stm32f10x_hd.o(.text)
    PVD_IRQHandler                           0x08000163   Thumb Code     0  startup_stm32f10x_hd.o(.text)
    RCC_IRQHandler                           0x08000163   Thumb Code     0  startup_stm32f10x_hd.o(.text)
    RTCAlarm_IRQHandler                      0x08000163   Thumb Code     0  startup_stm32f10x_hd.o(.text)
    RTC_IRQHandler                           0x08000163   Thumb Code     0  startup_stm32f10x_hd.o(.text)
    SDIO_IRQHandler                          0x08000163   Thumb Code     0  startup_stm32f10x_hd.o(.text)
    SPI1_IRQHandler                          0x08000163   Thumb Code     0  startup_stm32f10x_hd.o(.text)
    SPI2_IRQHandler                          0x08000163   Thumb Code     0  startup_stm32f10x_hd.o(.text)
    SPI3_IRQHandler                          0x08000163   Thumb Code     0  startup_stm32f10x_hd.o(.text)
    TAMPER_IRQHandler                        0x08000163   Thumb Code     0  startup_stm32f10x_hd.o(.text)
    TIM1_BRK_IRQHandler                      0x08000163   Thumb Code     0  startup_stm32f10x_hd.o(.text)
    TIM1_CC_IRQHandler                       0x08000163   Thumb Code     0  startup_stm32f10x_hd.o(.text)
    TIM1_TRG_COM_IRQHandler                  0x08000163   Thumb Code     0  startup_stm32f10x_hd.o(.text)
    TIM1_UP_IRQHandler                       0x08000163   Thumb Code     0  startup_stm32f10x_hd.o(.text)
    TIM2_IRQHandler                          0x08000163   Thumb Code     0  startup_stm32f10x_hd.o(.text)
    TIM4_IRQHandler                          0x08000163   Thumb Code     0  startup_stm32f10x_hd.o(.text)
    TIM5_IRQHandler                          0x08000163   Thumb Code     0  startup_stm32f10x_hd.o(.text)
    TIM6_IRQHandler                          0x08000163   Thumb Code     0  startup_stm32f10x_hd.o(.text)
    TIM7_IRQHandler                          0x08000163   Thumb Code     0  startup_stm32f10x_hd.o(.text)
    TIM8_BRK_IRQHandler                      0x08000163   Thumb Code     0  startup_stm32f10x_hd.o(.text)
    TIM8_CC_IRQHandler                       0x08000163   Thumb Code     0  startup_stm32f10x_hd.o(.text)
    TIM8_TRG_COM_IRQHandler                  0x08000163   Thumb Code     0  startup_stm32f10x_hd.o(.text)
    TIM8_UP_IRQHandler                       0x08000163   Thumb Code     0  startup_stm32f10x_hd.o(.text)
    UART4_IRQHandler                         0x08000163   Thumb Code     0  startup_stm32f10x_hd.o(.text)
    UART5_IRQHandler                         0x08000163   Thumb Code     0  startup_stm32f10x_hd.o(.text)
    USART2_IRQHandler                        0x08000163   Thumb Code     0  startup_stm32f10x_hd.o(.text)
    USART3_IRQHandler                        0x08000163   Thumb Code     0  startup_stm32f10x_hd.o(.text)
    USBWakeUp_IRQHandler                     0x08000163   Thumb Code     0  startup_stm32f10x_hd.o(.text)
    USB_HP_CAN1_TX_IRQHandler                0x08000163   Thumb Code     0  startup_stm32f10x_hd.o(.text)
    USB_LP_CAN1_RX0_IRQHandler               0x08000163   Thumb Code     0  startup_stm32f10x_hd.o(.text)
    WWDG_IRQHandler                          0x08000163   Thumb Code     0  startup_stm32f10x_hd.o(.text)
    atol                                     0x0800016d   Thumb Code    26  atol.o(.text)
    __aeabi_uldivmod                         0x08000187   Thumb Code    98  uldiv.o(.text)
    __aeabi_llsl                             0x080001e9   Thumb Code    30  llshl.o(.text)
    _ll_shift_l                              0x080001e9   Thumb Code     0  llshl.o(.text)
    strtol                                   0x08000207   Thumb Code   112  strtol.o(.text)
    __scatterload                            0x08000279   Thumb Code    28  init.o(.text)
    __scatterload_rt2                        0x08000279   Thumb Code     0  init.o(.text)
    __aeabi_llsr                             0x0800029d   Thumb Code    32  llushr.o(.text)
    _ll_ushift_r                             0x0800029d   Thumb Code     0  llushr.o(.text)
    __rt_ctype_table                         0x080002bd   Thumb Code     4  ctype_o.o(.text)
    _strtoul                                 0x080002c5   Thumb Code   158  _strtoul.o(.text)
    _chval                                   0x08000363   Thumb Code    28  _chval.o(.text)
    BusFault_Handler                         0x0800037f   Thumb Code     4  stm32f10x_it.o(i.BusFault_Handler)
    CalculateOdometry                        0x08000385   Thumb Code   164  main.o(i.CalculateOdometry)
    CheckCommandTimeout                      0x08000439   Thumb Code    34  main.o(i.CheckCommandTimeout)
    DIY_NVIC_PriorityGroupConfig             0x08000465   Thumb Code    32  bsp.o(i.DIY_NVIC_PriorityGroupConfig)
    DebugMon_Handler                         0x0800048d   Thumb Code     2  stm32f10x_it.o(i.DebugMon_Handler)
    ExecuteCommand                           0x08000491   Thumb Code   134  main.o(i.ExecuteCommand)
    GPIO_Init                                0x08000521   Thumb Code   278  stm32f10x_gpio.o(i.GPIO_Init)
    GetSystemTime                            0x08000639   Thumb Code    28  main.o(i.GetSystemTime)
    HardFault_Handler                        0x0800065d   Thumb Code     4  stm32f10x_it.o(i.HardFault_Handler)
    IIC_Ack                                  0x08000661   Thumb Code    64  ioi2c.o(i.IIC_Ack)
    IIC_Motor_Init                           0x080006ad   Thumb Code    40  bsp_motor_iic.o(i.IIC_Motor_Init)
    IIC_NAck                                 0x080006d9   Thumb Code    62  ioi2c.o(i.IIC_NAck)
    IIC_Read_Byte                            0x08000725   Thumb Code    98  ioi2c.o(i.IIC_Read_Byte)
    IIC_Send_Byte                            0x08000795   Thumb Code    88  ioi2c.o(i.IIC_Send_Byte)
    IIC_Start                                0x080007f9   Thumb Code    92  ioi2c.o(i.IIC_Start)
    IIC_Stop                                 0x08000861   Thumb Code    60  ioi2c.o(i.IIC_Stop)
    IIC_Wait_Ack                             0x080008a9   Thumb Code    92  ioi2c.o(i.IIC_Wait_Ack)
    JTAG_Set                                 0x08000911   Thumb Code    38  bsp.o(i.JTAG_Set)
    MPU6050ReadAcc                           0x08000941   Thumb Code    64  mpu6050.o(i.MPU6050ReadAcc)
    MPU6050ReadGyro                          0x08000981   Thumb Code    64  mpu6050.o(i.MPU6050ReadGyro)
    MPU6050ReadID                            0x080009c1   Thumb Code    48  mpu6050.o(i.MPU6050ReadID)
    MPU6050ReadTemp                          0x08000a09   Thumb Code    32  mpu6050.o(i.MPU6050ReadTemp)
    MPU6050_Init                             0x08000a29   Thumb Code   200  mpu6050.o(i.MPU6050_Init)
    MPU6050_ReadData                         0x08000bad   Thumb Code    88  mpu6050.o(i.MPU6050_ReadData)
    MPU6050_WriteReg                         0x08000c05   Thumb Code    46  mpu6050.o(i.MPU6050_WriteReg)
    MemManage_Handler                        0x08000c33   Thumb Code     4  stm32f10x_it.o(i.MemManage_Handler)
    NMI_Handler                              0x08000c37   Thumb Code     2  stm32f10x_it.o(i.NMI_Handler)
    NVIC_Init                                0x08000c39   Thumb Code   100  misc.o(i.NVIC_Init)
    PendSV_Handler                           0x08000ca9   Thumb Code     2  stm32f10x_it.o(i.PendSV_Handler)
    RCC_APB1PeriphClockCmd                   0x08000cad   Thumb Code    26  stm32f10x_rcc.o(i.RCC_APB1PeriphClockCmd)
    RCC_APB2PeriphClockCmd                   0x08000ccd   Thumb Code    26  stm32f10x_rcc.o(i.RCC_APB2PeriphClockCmd)
    RCC_GetClocksFreq                        0x08000ced   Thumb Code   192  stm32f10x_rcc.o(i.RCC_GetClocksFreq)
    ReadEncoderData                          0x08000dc1   Thumb Code   182  main.o(i.ReadEncoderData)
    Read_ALL_Enconder                        0x08000e8d   Thumb Code   228  bsp_motor_iic.o(i.Read_ALL_Enconder)
    SVC_Handler                              0x08000f7d   Thumb Code     2  stm32f10x_it.o(i.SVC_Handler)
    SendEncoderData                          0x08000f81   Thumb Code    92  main.o(i.SendEncoderData)
    SendIMUData                              0x0800100d   Thumb Code   258  main.o(i.SendIMUData)
    Set_Pluse_Phase                          0x08001231   Thumb Code    26  bsp_motor_iic.o(i.Set_Pluse_Phase)
    Set_Pluse_line                           0x08001251   Thumb Code    26  bsp_motor_iic.o(i.Set_Pluse_line)
    Set_Wheel_dis                            0x08001271   Thumb Code    26  bsp_motor_iic.o(i.Set_Wheel_dis)
    Set_motor_deadzone                       0x08001291   Thumb Code    26  bsp_motor_iic.o(i.Set_motor_deadzone)
    Set_motor_type                           0x080012b1   Thumb Code    16  bsp_motor_iic.o(i.Set_motor_type)
    SmoothControlSpeed                       0x080012c1   Thumb Code   130  main.o(i.SmoothControlSpeed)
    SyncSystemTime                           0x08001349   Thumb Code    50  main.o(i.SyncSystemTime)
    SysTick_CLKSourceConfig                  0x0800138d   Thumb Code    40  misc.o(i.SysTick_CLKSourceConfig)
    SysTick_Handler                          0x080013b5   Thumb Code     2  stm32f10x_it.o(i.SysTick_Handler)
    SystemInit                               0x080013b9   Thumb Code    78  system_stm32f10x.o(i.SystemInit)
    TIM3_IRQHandler                          0x08001419   Thumb Code    64  bsp_timer.o(i.TIM3_IRQHandler)
    TIM3_Init                                0x08001469   Thumb Code    90  bsp_timer.o(i.TIM3_Init)
    TIM_ClearFlag                            0x080014c9   Thumb Code     6  stm32f10x_tim.o(i.TIM_ClearFlag)
    TIM_ClearITPendingBit                    0x080014cf   Thumb Code     6  stm32f10x_tim.o(i.TIM_ClearITPendingBit)
    TIM_Cmd                                  0x080014d5   Thumb Code    24  stm32f10x_tim.o(i.TIM_Cmd)
    TIM_GetITStatus                          0x080014ed   Thumb Code    34  stm32f10x_tim.o(i.TIM_GetITStatus)
    TIM_ITConfig                             0x0800150f   Thumb Code    18  stm32f10x_tim.o(i.TIM_ITConfig)
    TIM_TimeBaseInit                         0x08001521   Thumb Code   122  stm32f10x_tim.o(i.TIM_TimeBaseInit)
    USART1_IRQHandler                        0x080015c5   Thumb Code   158  main.o(i.USART1_IRQHandler)
    USART1_Init                              0x08001681   Thumb Code   154  main.o(i.USART1_Init)
    USART_ClearITPendingBit                  0x08001725   Thumb Code    30  stm32f10x_usart.o(i.USART_ClearITPendingBit)
    USART_Cmd                                0x08001743   Thumb Code    24  stm32f10x_usart.o(i.USART_Cmd)
    USART_GetFlagStatus                      0x0800175b   Thumb Code    26  stm32f10x_usart.o(i.USART_GetFlagStatus)
    USART_GetITStatus                        0x08001775   Thumb Code    84  stm32f10x_usart.o(i.USART_GetITStatus)
    USART_ITConfig                           0x080017c9   Thumb Code    74  stm32f10x_usart.o(i.USART_ITConfig)
    USART_Init                               0x08001815   Thumb Code   210  stm32f10x_usart.o(i.USART_Init)
    USART_ReceiveData                        0x080018ed   Thumb Code    10  stm32f10x_usart.o(i.USART_ReceiveData)
    USART_SendData                           0x080018f7   Thumb Code     8  stm32f10x_usart.o(i.USART_SendData)
    UsageFault_Handler                       0x080018ff   Thumb Code     4  stm32f10x_it.o(i.UsageFault_Handler)
    __0printf$8                              0x08001905   Thumb Code    22  printf8.o(i.__0printf$8)
    __1printf$8                              0x08001905   Thumb Code     0  printf8.o(i.__0printf$8)
    __2printf                                0x08001905   Thumb Code     0  printf8.o(i.__0printf$8)
    __0snprintf$8                            0x08001925   Thumb Code    48  printf8.o(i.__0snprintf$8)
    __1snprintf$8                            0x08001925   Thumb Code     0  printf8.o(i.__0snprintf$8)
    __2snprintf                              0x08001925   Thumb Code     0  printf8.o(i.__0snprintf$8)
    __aeabi_errno_addr                       0x08001959   Thumb Code     4  errno.o(i.__aeabi_errno_addr)
    __rt_errno_addr                          0x08001959   Thumb Code     0  errno.o(i.__aeabi_errno_addr)
    __scatterload_copy                       0x08001961   Thumb Code    14  handlers.o(i.__scatterload_copy)
    __scatterload_null                       0x0800196f   Thumb Code     2  handlers.o(i.__scatterload_null)
    __scatterload_zeroinit                   0x08001971   Thumb Code    14  handlers.o(i.__scatterload_zeroinit)
    bsp_init                                 0x08001ded   Thumb Code    34  bsp.o(i.bsp_init)
    control_pwm                              0x08001e11   Thumb Code    54  bsp_motor_iic.o(i.control_pwm)
    control_speed                            0x08001e4d   Thumb Code    54  bsp_motor_iic.o(i.control_speed)
    delay_init                               0x08001e89   Thumb Code    60  delay.o(i.delay_init)
    delay_ms                                 0x08001ed5   Thumb Code    56  delay.o(i.delay_ms)
    delay_us                                 0x08001f11   Thumb Code    56  delay.o(i.delay_us)
    float_to_bytes                           0x08001f4d   Thumb Code     4  bsp_motor_iic.o(i.float_to_bytes)
    fputc                                    0x08001f51   Thumb Code    24  usart.o(i.fputc)
    i2cRead                                  0x08001f6d   Thumb Code   118  ioi2c.o(i.i2cRead)
    i2cWrite                                 0x08001fe3   Thumb Code    96  ioi2c.o(i.i2cWrite)
    i2c_Ack                                  0x08002045   Thumb Code    44  bsp_soft_i2c.o(i.i2c_Ack)
    i2c_GPIO_Config                          0x08002085   Thumb Code    42  bsp_soft_i2c.o(i.i2c_GPIO_Config)
    i2c_NAck                                 0x080020b5   Thumb Code    36  bsp_soft_i2c.o(i.i2c_NAck)
    i2c_ReadByte                             0x080020dd   Thumb Code    76  bsp_soft_i2c.o(i.i2c_ReadByte)
    i2c_SendByte                             0x0800212d   Thumb Code    80  bsp_soft_i2c.o(i.i2c_SendByte)
    i2c_Start                                0x08002181   Thumb Code    42  bsp_soft_i2c.o(i.i2c_Start)
    i2c_Stop                                 0x080021b1   Thumb Code    28  bsp_soft_i2c.o(i.i2c_Stop)
    i2c_WaitAck                              0x080021d1   Thumb Code    56  bsp_soft_i2c.o(i.i2c_WaitAck)
    main                                     0x0800220d   Thumb Code   338  main.o(i.main)
    uart_init                                0x08002511   Thumb Code   152  usart.o(i.uart_init)
    __ctype_table                            0x080025b0   Data         129  ctype_o.o(.constdata)
    Region$$Table$$Base                      0x080027a8   Number         0  anon$$obj.o(Region$$Table)
    Region$$Table$$Limit                     0x080027c8   Number         0  anon$$obj.o(Region$$Table)
    tx_buffer_head                           0x20000000   Data           2  main.o(.data)
    tx_buffer_tail                           0x20000002   Data           2  main.o(.data)
    is_sending                               0x20000004   Data           1  main.o(.data)
    system_time_offset                       0x20000008   Data           4  main.o(.data)
    time_sync_enabled                        0x2000000c   Data           1  main.o(.data)
    times                                    0x20000018   Data           1  main.o(.data)
    upload_counter                           0x20000019   Data           1  main.o(.data)
    current_cmd                              0x2000001a   Data           1  main.o(.data)
    last_cmd_time                            0x2000001c   Data           4  main.o(.data)
    last_send_time                           0x20000020   Data           4  main.o(.data)
    last_imu_time                            0x20000024   Data           4  main.o(.data)
    last_calc_time                           0x20000028   Data           4  main.o(.data)
    SystemCoreClock                          0x2000004c   Data           4  system_stm32f10x.o(.data)
    AHBPrescTable                            0x20000050   Data          16  system_stm32f10x.o(.data)
    __stdout                                 0x20000078   Data           4  usart.o(.data)
    imu_data                                 0x200000a8   Data          14  main.o(.bss)
    tx_buffer                                0x200000b6   Data         256  main.o(.bss)
    robot_state                              0x200001d8   Data          40  main.o(.bss)
    Encoder_Offset                           0x20000200   Data          16  bsp_motor_iic.o(.bss)
    Encoder_Now                              0x20000210   Data          16  bsp_motor_iic.o(.bss)
    __initial_sp                             0x20000620   Data           0  startup_stm32f10x_hd.o(STACK)



==============================================================================

Memory Map of the image

  Image Entry point : 0x08000131

  Load Region LR_IROM1 (Base: 0x08000000, Size: 0x00002870, Max: 0x00040000, ABSOLUTE)

    Execution Region ER_IROM1 (Exec base: 0x08000000, Load base: 0x08000000, Size: 0x000027c8, Max: 0x00040000, ABSOLUTE)

    Exec Addr    Load Addr    Size         Type   Attr      Idx    E Section Name        Object

    0x08000000   0x08000000   0x00000130   Data   RO          330    RESET               startup_stm32f10x_hd.o
    0x08000130   0x08000130   0x00000000   Code   RO         3764  * .ARM.Collect$$$$00000000  mc_w.l(entry.o)
    0x08000130   0x08000130   0x00000004   Code   RO         4066    .ARM.Collect$$$$00000001  mc_w.l(entry2.o)
    0x08000134   0x08000134   0x00000004   Code   RO         4069    .ARM.Collect$$$$00000004  mc_w.l(entry5.o)
    0x08000138   0x08000138   0x00000000   Code   RO         4071    .ARM.Collect$$$$00000008  mc_w.l(entry7b.o)
    0x08000138   0x08000138   0x00000000   Code   RO         4073    .ARM.Collect$$$$0000000A  mc_w.l(entry8b.o)
    0x08000138   0x08000138   0x00000008   Code   RO         4074    .ARM.Collect$$$$0000000B  mc_w.l(entry9a.o)
    0x08000140   0x08000140   0x00000004   Code   RO         4081    .ARM.Collect$$$$0000000E  mc_w.l(entry12b.o)
    0x08000144   0x08000144   0x00000000   Code   RO         4076    .ARM.Collect$$$$0000000F  mc_w.l(entry10a.o)
    0x08000144   0x08000144   0x00000000   Code   RO         4078    .ARM.Collect$$$$00000011  mc_w.l(entry11a.o)
    0x08000144   0x08000144   0x00000004   Code   RO         4067    .ARM.Collect$$$$00002712  mc_w.l(entry2.o)
    0x08000148   0x08000148   0x00000024   Code   RO          331    .text               startup_stm32f10x_hd.o
    0x0800016c   0x0800016c   0x0000001a   Code   RO         4056    .text               mc_w.l(atol.o)
    0x08000186   0x08000186   0x00000062   Code   RO         4084    .text               mc_w.l(uldiv.o)
    0x080001e8   0x080001e8   0x0000001e   Code   RO         4086    .text               mc_w.l(llshl.o)
    0x08000206   0x08000206   0x00000070   Code   RO         4103    .text               mc_w.l(strtol.o)
    0x08000276   0x08000276   0x00000002   PAD
    0x08000278   0x08000278   0x00000024   Code   RO         4116    .text               mc_w.l(init.o)
    0x0800029c   0x0800029c   0x00000020   Code   RO         4118    .text               mc_w.l(llushr.o)
    0x080002bc   0x080002bc   0x00000008   Code   RO         4120    .text               mc_w.l(ctype_o.o)
    0x080002c4   0x080002c4   0x0000009e   Code   RO         4148    .text               mc_w.l(_strtoul.o)
    0x08000362   0x08000362   0x0000001c   Code   RO         4150    .text               mc_w.l(_chval.o)
    0x0800037e   0x0800037e   0x00000004   Code   RO          220    i.BusFault_Handler  stm32f10x_it.o
    0x08000382   0x08000382   0x00000002   PAD
    0x08000384   0x08000384   0x000000b4   Code   RO            1    i.CalculateOdometry  main.o
    0x08000438   0x08000438   0x0000002c   Code   RO            2    i.CheckCommandTimeout  main.o
    0x08000464   0x08000464   0x00000028   Code   RO         3328    i.DIY_NVIC_PriorityGroupConfig  bsp.o
    0x0800048c   0x0800048c   0x00000002   Code   RO          221    i.DebugMon_Handler  stm32f10x_it.o
    0x0800048e   0x0800048e   0x00000002   PAD
    0x08000490   0x08000490   0x00000090   Code   RO            3    i.ExecuteCommand    main.o
    0x08000520   0x08000520   0x00000116   Code   RO         1486    i.GPIO_Init         stm32f10x_gpio.o
    0x08000636   0x08000636   0x00000002   PAD
    0x08000638   0x08000638   0x00000024   Code   RO            4    i.GetSystemTime     main.o
    0x0800065c   0x0800065c   0x00000004   Code   RO          222    i.HardFault_Handler  stm32f10x_it.o
    0x08000660   0x08000660   0x0000004c   Code   RO         3532    i.IIC_Ack           ioi2c.o
    0x080006ac   0x080006ac   0x0000002c   Code   RO         3444    i.IIC_Motor_Init    bsp_motor_iic.o
    0x080006d8   0x080006d8   0x0000004c   Code   RO         3533    i.IIC_NAck          ioi2c.o
    0x08000724   0x08000724   0x00000070   Code   RO         3534    i.IIC_Read_Byte     ioi2c.o
    0x08000794   0x08000794   0x00000064   Code   RO         3535    i.IIC_Send_Byte     ioi2c.o
    0x080007f8   0x080007f8   0x00000068   Code   RO         3536    i.IIC_Start         ioi2c.o
    0x08000860   0x08000860   0x00000048   Code   RO         3537    i.IIC_Stop          ioi2c.o
    0x080008a8   0x080008a8   0x00000068   Code   RO         3538    i.IIC_Wait_Ack      ioi2c.o
    0x08000910   0x08000910   0x00000030   Code   RO         3329    i.JTAG_Set          bsp.o
    0x08000940   0x08000940   0x00000040   Code   RO         3709    i.MPU6050ReadAcc    mpu6050.o
    0x08000980   0x08000980   0x00000040   Code   RO         3710    i.MPU6050ReadGyro   mpu6050.o
    0x080009c0   0x080009c0   0x00000048   Code   RO         3711    i.MPU6050ReadID     mpu6050.o
    0x08000a08   0x08000a08   0x00000020   Code   RO         3712    i.MPU6050ReadTemp   mpu6050.o
    0x08000a28   0x08000a28   0x00000184   Code   RO         3713    i.MPU6050_Init      mpu6050.o
    0x08000bac   0x08000bac   0x00000058   Code   RO         3714    i.MPU6050_ReadData  mpu6050.o
    0x08000c04   0x08000c04   0x0000002e   Code   RO         3716    i.MPU6050_WriteReg  mpu6050.o
    0x08000c32   0x08000c32   0x00000004   Code   RO          223    i.MemManage_Handler  stm32f10x_it.o
    0x08000c36   0x08000c36   0x00000002   Code   RO          224    i.NMI_Handler       stm32f10x_it.o
    0x08000c38   0x08000c38   0x00000070   Code   RO          335    i.NVIC_Init         misc.o
    0x08000ca8   0x08000ca8   0x00000002   Code   RO          225    i.PendSV_Handler    stm32f10x_it.o
    0x08000caa   0x08000caa   0x00000002   PAD
    0x08000cac   0x08000cac   0x00000020   Code   RO         1902    i.RCC_APB1PeriphClockCmd  stm32f10x_rcc.o
    0x08000ccc   0x08000ccc   0x00000020   Code   RO         1904    i.RCC_APB2PeriphClockCmd  stm32f10x_rcc.o
    0x08000cec   0x08000cec   0x000000d4   Code   RO         1912    i.RCC_GetClocksFreq  stm32f10x_rcc.o
    0x08000dc0   0x08000dc0   0x000000cc   Code   RO            5    i.ReadEncoderData   main.o
    0x08000e8c   0x08000e8c   0x000000f0   Code   RO         3446    i.Read_ALL_Enconder  bsp_motor_iic.o
    0x08000f7c   0x08000f7c   0x00000002   Code   RO          226    i.SVC_Handler       stm32f10x_it.o
    0x08000f7e   0x08000f7e   0x00000002   PAD
    0x08000f80   0x08000f80   0x0000008c   Code   RO            6    i.SendEncoderData   main.o
    0x0800100c   0x0800100c   0x0000013c   Code   RO            7    i.SendIMUData       main.o
    0x08001148   0x08001148   0x00000008   Code   RO          283    i.SetSysClock       system_stm32f10x.o
    0x08001150   0x08001150   0x000000e0   Code   RO          284    i.SetSysClockTo72   system_stm32f10x.o
    0x08001230   0x08001230   0x00000020   Code   RO         3447    i.Set_Pluse_Phase   bsp_motor_iic.o
    0x08001250   0x08001250   0x00000020   Code   RO         3448    i.Set_Pluse_line    bsp_motor_iic.o
    0x08001270   0x08001270   0x00000020   Code   RO         3449    i.Set_Wheel_dis     bsp_motor_iic.o
    0x08001290   0x08001290   0x00000020   Code   RO         3450    i.Set_motor_deadzone  bsp_motor_iic.o
    0x080012b0   0x080012b0   0x00000010   Code   RO         3451    i.Set_motor_type    bsp_motor_iic.o
    0x080012c0   0x080012c0   0x00000088   Code   RO            8    i.SmoothControlSpeed  main.o
    0x08001348   0x08001348   0x00000044   Code   RO            9    i.SyncSystemTime    main.o
    0x0800138c   0x0800138c   0x00000028   Code   RO          339    i.SysTick_CLKSourceConfig  misc.o
    0x080013b4   0x080013b4   0x00000002   Code   RO          227    i.SysTick_Handler   stm32f10x_it.o
    0x080013b6   0x080013b6   0x00000002   PAD
    0x080013b8   0x080013b8   0x00000060   Code   RO          286    i.SystemInit        system_stm32f10x.o
    0x08001418   0x08001418   0x00000050   Code   RO         3412    i.TIM3_IRQHandler   bsp_timer.o
    0x08001468   0x08001468   0x00000060   Code   RO         3413    i.TIM3_Init         bsp_timer.o
    0x080014c8   0x080014c8   0x00000006   Code   RO         2530    i.TIM_ClearFlag     stm32f10x_tim.o
    0x080014ce   0x080014ce   0x00000006   Code   RO         2531    i.TIM_ClearITPendingBit  stm32f10x_tim.o
    0x080014d4   0x080014d4   0x00000018   Code   RO         2536    i.TIM_Cmd           stm32f10x_tim.o
    0x080014ec   0x080014ec   0x00000022   Code   RO         2557    i.TIM_GetITStatus   stm32f10x_tim.o
    0x0800150e   0x0800150e   0x00000012   Code   RO         2561    i.TIM_ITConfig      stm32f10x_tim.o
    0x08001520   0x08001520   0x000000a4   Code   RO         2607    i.TIM_TimeBaseInit  stm32f10x_tim.o
    0x080015c4   0x080015c4   0x000000bc   Code   RO           10    i.USART1_IRQHandler  main.o
    0x08001680   0x08001680   0x000000a4   Code   RO           11    i.USART1_Init       main.o
    0x08001724   0x08001724   0x0000001e   Code   RO         3069    i.USART_ClearITPendingBit  stm32f10x_usart.o
    0x08001742   0x08001742   0x00000018   Code   RO         3072    i.USART_Cmd         stm32f10x_usart.o
    0x0800175a   0x0800175a   0x0000001a   Code   RO         3075    i.USART_GetFlagStatus  stm32f10x_usart.o
    0x08001774   0x08001774   0x00000054   Code   RO         3076    i.USART_GetITStatus  stm32f10x_usart.o
    0x080017c8   0x080017c8   0x0000004a   Code   RO         3078    i.USART_ITConfig    stm32f10x_usart.o
    0x08001812   0x08001812   0x00000002   PAD
    0x08001814   0x08001814   0x000000d8   Code   RO         3079    i.USART_Init        stm32f10x_usart.o
    0x080018ec   0x080018ec   0x0000000a   Code   RO         3086    i.USART_ReceiveData  stm32f10x_usart.o
    0x080018f6   0x080018f6   0x00000008   Code   RO         3089    i.USART_SendData    stm32f10x_usart.o
    0x080018fe   0x080018fe   0x00000004   Code   RO          228    i.UsageFault_Handler  stm32f10x_it.o
    0x08001902   0x08001902   0x00000002   PAD
    0x08001904   0x08001904   0x00000020   Code   RO         3974    i.__0printf$8       mc_w.l(printf8.o)
    0x08001924   0x08001924   0x00000034   Code   RO         3975    i.__0snprintf$8     mc_w.l(printf8.o)
    0x08001958   0x08001958   0x00000008   Code   RO         4096    i.__aeabi_errno_addr  mc_w.l(errno.o)
    0x08001960   0x08001960   0x0000000e   Code   RO         4154    i.__scatterload_copy  mc_w.l(handlers.o)
    0x0800196e   0x0800196e   0x00000002   Code   RO         4155    i.__scatterload_null  mc_w.l(handlers.o)
    0x08001970   0x08001970   0x0000000e   Code   RO         4156    i.__scatterload_zeroinit  mc_w.l(handlers.o)
    0x0800197e   0x0800197e   0x00000002   PAD
    0x08001980   0x08001980   0x00000404   Code   RO         3981    i._printf_core      mc_w.l(printf8.o)
    0x08001d84   0x08001d84   0x00000024   Code   RO         3982    i._printf_post_padding  mc_w.l(printf8.o)
    0x08001da8   0x08001da8   0x0000002e   Code   RO         3983    i._printf_pre_padding  mc_w.l(printf8.o)
    0x08001dd6   0x08001dd6   0x00000016   Code   RO         3984    i._snputc           mc_w.l(printf8.o)
    0x08001dec   0x08001dec   0x00000022   Code   RO         3330    i.bsp_init          bsp.o
    0x08001e0e   0x08001e0e   0x00000002   PAD
    0x08001e10   0x08001e10   0x0000003c   Code   RO         3453    i.control_pwm       bsp_motor_iic.o
    0x08001e4c   0x08001e4c   0x0000003c   Code   RO         3454    i.control_speed     bsp_motor_iic.o
    0x08001e88   0x08001e88   0x0000004c   Code   RO         3302    i.delay_init        delay.o
    0x08001ed4   0x08001ed4   0x0000003c   Code   RO         3303    i.delay_ms          delay.o
    0x08001f10   0x08001f10   0x0000003c   Code   RO         3304    i.delay_us          delay.o
    0x08001f4c   0x08001f4c   0x00000004   Code   RO         3455    i.float_to_bytes    bsp_motor_iic.o
    0x08001f50   0x08001f50   0x0000001c   Code   RO         3368    i.fputc             usart.o
    0x08001f6c   0x08001f6c   0x00000076   Code   RO         3539    i.i2cRead           ioi2c.o
    0x08001fe2   0x08001fe2   0x00000060   Code   RO         3541    i.i2cWrite          ioi2c.o
    0x08002042   0x08002042   0x00000002   PAD
    0x08002044   0x08002044   0x00000030   Code   RO         3638    i.i2c_Ack           bsp_soft_i2c.o
    0x08002074   0x08002074   0x0000000e   Code   RO         3640    i.i2c_Delay         bsp_soft_i2c.o
    0x08002082   0x08002082   0x00000002   PAD
    0x08002084   0x08002084   0x00000030   Code   RO         3641    i.i2c_GPIO_Config   bsp_soft_i2c.o
    0x080020b4   0x080020b4   0x00000028   Code   RO         3642    i.i2c_NAck          bsp_soft_i2c.o
    0x080020dc   0x080020dc   0x00000050   Code   RO         3643    i.i2c_ReadByte      bsp_soft_i2c.o
    0x0800212c   0x0800212c   0x00000054   Code   RO         3644    i.i2c_SendByte      bsp_soft_i2c.o
    0x08002180   0x08002180   0x00000030   Code   RO         3645    i.i2c_Start         bsp_soft_i2c.o
    0x080021b0   0x080021b0   0x00000020   Code   RO         3646    i.i2c_Stop          bsp_soft_i2c.o
    0x080021d0   0x080021d0   0x0000003c   Code   RO         3647    i.i2c_WaitAck       bsp_soft_i2c.o
    0x0800220c   0x0800220c   0x00000304   Code   RO           12    i.main              main.o
    0x08002510   0x08002510   0x000000a0   Code   RO         3369    i.uart_init         usart.o
    0x080025b0   0x080025b0   0x00000081   Data   RO         4121    .constdata          mc_w.l(ctype_o.o)
    0x08002631   0x08002631   0x00000003   PAD
    0x08002634   0x08002634   0x00000004   Data   RO         4122    .constdata          mc_w.l(ctype_o.o)
    0x08002638   0x08002638   0x0000011f   Data   RO           14    .conststring        main.o
    0x08002757   0x08002757   0x00000001   PAD
    0x08002758   0x08002758   0x0000004d   Data   RO         3717    .conststring        mpu6050.o
    0x080027a5   0x080027a5   0x00000003   PAD
    0x080027a8   0x080027a8   0x00000020   Data   RO         4152    Region$$Table       anon$$obj.o


    Execution Region RW_IRAM1 (Exec base: 0x20000000, Load base: 0x080027c8, Size: 0x00000620, Max: 0x0000c000, ABSOLUTE)

    Exec Addr    Load Addr    Size         Type   Attr      Idx    E Section Name        Object

    0x20000000   0x080027c8   0x0000004c   Data   RW           15    .data               main.o
    0x2000004c   0x08002814   0x00000014   Data   RW          287    .data               system_stm32f10x.o
    0x20000060   0x08002828   0x00000014   Data   RW         1932    .data               stm32f10x_rcc.o
    0x20000074   0x0800283c   0x00000004   Data   RW         3305    .data               delay.o
    0x20000078   0x08002840   0x00000004   Data   RW         3370    .data               usart.o
    0x2000007c   0x08002844   0x00000008   Data   RW         3416    .data               bsp_timer.o
    0x20000084   0x0800284c   0x00000020   Data   RW         3457    .data               bsp_motor_iic.o
    0x200000a4   0x0800286c   0x00000004   Data   RW         4099    .data               mc_w.l(errno.o)
    0x200000a8        -       0x00000158   Zero   RW           13    .bss                main.o
    0x20000200        -       0x00000020   Zero   RW         3456    .bss                bsp_motor_iic.o
    0x20000220        -       0x00000400   Zero   RW          328    STACK               startup_stm32f10x_hd.o


==============================================================================

Image component sizes


      Code (inc. data)   RO Data    RW Data    ZI Data      Debug   Object Name

       122         18          0          0          0       1321   bsp.o
       552         52          0         32         32       6485   bsp_motor_iic.o
       454         36          0          0          0       4014   bsp_soft_i2c.o
       176         22          0          8          0       1162   bsp_timer.o
         0          0          0          0          0         32   core_cm3.o
       196         24          0          4          0       1559   delay.o
       858         88          0          0          0       5396   ioi2c.o
      2392        670        287         76        344     262458   main.o
       152         12          0          0          0       1362   misc.o
       754        212         77          0          0       3810   mpu6050.o
        36          8        304          0       1024        760   startup_stm32f10x_hd.o
       278          0          0          0          0       1836   stm32f10x_gpio.o
        26          0          0          0          0       3370   stm32f10x_it.o
       276         32          0         20          0       4162   stm32f10x_rcc.o
       252         42          0          0          0       3682   stm32f10x_tim.o
       472          6          0          0          0       6279   stm32f10x_usart.o
       328         28          0         20          0       1989   system_stm32f10x.o
       188         12          0          4          0       2846   usart.o

    ----------------------------------------------------------------------
      7534       1262        704        164       1400     312523   Object Totals
         0          0         32          0          0          0   (incl. Generated)
        22          0          4          0          0          0   (incl. Padding)

    ----------------------------------------------------------------------

      Code (inc. data)   RO Data    RW Data    ZI Data      Debug   Library Member Name

        28          0          0          0          0         68   _chval.o
       158          0          0          0          0         92   _strtoul.o
        26          0          0          0          0         80   atol.o
         8          4        133          0          0         68   ctype_o.o
         0          0          0          0          0          0   entry.o
         0          0          0          0          0          0   entry10a.o
         0          0          0          0          0          0   entry11a.o
         4          0          0          0          0          0   entry12b.o
         8          4          0          0          0          0   entry2.o
         4          0          0          0          0          0   entry5.o
         0          0          0          0          0          0   entry7b.o
         0          0          0          0          0          0   entry8b.o
         8          4          0          0          0          0   entry9a.o
         8          4          0          4          0         68   errno.o
        30          0          0          0          0          0   handlers.o
        36          8          0          0          0         68   init.o
        30          0          0          0          0         68   llshl.o
        32          0          0          0          0         68   llushr.o
      1216         58          0          0          0        508   printf8.o
       112          0          0          0          0         88   strtol.o
        98          0          0          0          0         92   uldiv.o

    ----------------------------------------------------------------------
      1810         82        136          4          0       1268   Library Totals
         4          0          3          0          0          0   (incl. Padding)

    ----------------------------------------------------------------------

      Code (inc. data)   RO Data    RW Data    ZI Data      Debug   Library Name

      1806         82        133          4          0       1268   mc_w.l

    ----------------------------------------------------------------------
      1810         82        136          4          0       1268   Library Totals

    ----------------------------------------------------------------------

==============================================================================


      Code (inc. data)   RO Data    RW Data    ZI Data      Debug   

      9344       1344        840        168       1400     308899   Grand Totals
      9344       1344        840        168       1400     308899   ELF Image Totals
      9344       1344        840        168          0          0   ROM Totals

==============================================================================

    Total RO  Size (Code + RO Data)                10184 (   9.95kB)
    Total RW  Size (RW Data + ZI Data)              1568 (   1.53kB)
    Total ROM Size (Code + RO Data + RW Data)      10352 (  10.11kB)

==============================================================================

