<html>
<body>
<pre>
<h1>µVision Build Log</h1>
<h2>Tool Versions:</h2>
IDE-Version: ¦ÌVision V5.43.1.0
Copyright (C) 2025 ARM Ltd and ARM Germany GmbH. All rights reserved.
License Information: 1 DL, 1, LIC=585FJ-U8DIL-Z97G9-46IBF-PX1RW-7MU2S
 
Tool Versions:
Toolchain:       MDK-ARM Plus  Version: 5.43.0.0
Toolchain Path:  C:\Users\DL\AppData\Local\Keil_v5\ARM\ARMCC\Bin
C Compiler:      Armcc.exe V5.06 update 7 (build 960)
Assembler:       Armasm.exe V5.06 update 7 (build 960)
Linker/Locator:  ArmLink.exe V5.06 update 7 (build 960)
Library Manager: ArmAr.exe V5.06 update 7 (build 960)
Hex Converter:   FromElf.exe V5.06 update 7 (build 960)
CPU DLL:         SARMCM3.DLL V5.43.0.0
Dialog DLL:      DCM.DLL V1.17.5.0
Target DLL:      STLink\ST-LINKIII-KEIL_SWO.dll V3.3.1.0
Dialog DLL:      TCM.DLL V1.56.6.0
 
<h2>Project:</h2>
C:\ros2_car\CarMove_IIC\USER\I2C.uvprojx
Project File Date:  12/03/2025

<h2>Output:</h2>
*** Using Compiler 'V5.06 update 7 (build 960)', folder: 'C:\Users\DL\AppData\Local\Keil_v5\ARM\ARMCC\Bin'
Rebuild target 'I2C'
assembling startup_stm32f10x_hd.s...
compiling core_cm3.c...
compiling stm32f10x_bkp.c...
compiling stm32f10x_crc.c...
compiling stm32f10x_cec.c...
compiling stm32f10x_it.c...
compiling misc.c...
compiling stm32f10x_adc.c...
compiling system_stm32f10x.c...
compiling stm32f10x_can.c...
compiling main.c...
main.c(478): warning:  #550-D: variable "last_stop_time"  was set but never used
      static uint32_t last_stop_time = 0;
main.c(522): warning:  #1-D: last line of file ends without a newline
  }
main.c: 2 warnings, 0 errors
compiling stm32f10x_dac.c...
compiling stm32f10x_dbgmcu.c...
compiling stm32f10x_exti.c...
compiling stm32f10x_dma.c...
compiling stm32f10x_iwdg.c...
compiling stm32f10x_pwr.c...
compiling stm32f10x_flash.c...
compiling stm32f10x_gpio.c...
compiling stm32f10x_fsmc.c...
compiling stm32f10x_rtc.c...
compiling stm32f10x_i2c.c...
compiling stm32f10x_rcc.c...
compiling stm32f10x_sdio.c...
compiling stm32f10x_spi.c...
compiling delay.c...
compiling stm32f10x_wwdg.c...
compiling stm32f10x_usart.c...
compiling bsp.c...
compiling bsp_motor_iic.c...
..\BSP\motor_model\bsp_motor_iic.c(137): warning:  #223-D: function "i2cReadWithRetry" declared implicitly
      if(i2cReadWithRetry(Motor_model_ADDR, READ_TEN_M1Enconer_REG, 2, buf, 3) != 0) {
..\BSP\motor_model\bsp_motor_iic.c(144): warning:  #223-D: function "i2cReadWithRetry" declared implicitly
      if(i2cReadWithRetry(Motor_model_ADDR, READ_TEN_M2Enconer_REG, 2, buf, 3) != 0) {
..\BSP\motor_model\bsp_motor_iic.c(151): warning:  #223-D: function "i2cReadWithRetry" declared implicitly
      if(i2cReadWithRetry(Motor_model_ADDR, READ_TEN_M3Enconer_REG, 2, buf, 3) != 0) {
..\BSP\motor_model\bsp_motor_iic.c(158): warning:  #223-D: function "i2cReadWithRetry" declared implicitly
      if(i2cReadWithRetry(Motor_model_ADDR, READ_TEN_M4Enconer_REG, 2, buf, 3) != 0) {
..\BSP\motor_model\bsp_motor_iic.c: 4 warnings, 0 errors
compiling bsp_timer.c...
compiling usart.c...
compiling stm32f10x_tim.c...
compiling IOI2C.c...
..\BSP\motor_model\IOI2C.c(253): warning:  #1-D: last line of file ends without a newline
  }
..\BSP\motor_model\IOI2C.c: 1 warning, 0 errors
compiling bsp_usart.c...
compiling bsp_soft_i2c.c...
compiling mpu6050.c...
mpu6050.c(142): warning:  #223-D: function "delay_ms" declared implicitly
              delay_ms(100);
mpu6050.c(153): warning:  #223-D: function "delay_ms" declared implicitly
      delay_ms(100);
mpu6050.c: 2 warnings, 0 errors
linking...
Program Size: Code=9344 RO-data=840 RW-data=168 ZI-data=1400  
FromELF: creating hex file...
"..\OBJ\I2C.axf" - 0 Error(s), 9 Warning(s).

<h2>Software Packages used:</h2>

Package Vendor: Keil
                https://www.keil.com/pack/Keil.STM32F1xx_DFP.2.4.1.pack
                Keil::STM32F1xx_DFP@2.4.1
                STMicroelectronics STM32F1 Series Device Support, Drivers and Examples

<h2>Collection of Component include folders:</h2>
  C:/Users/DL/AppData/Local/Arm/Packs/Keil/STM32F1xx_DFP/2.4.1/Device/Include

<h2>Collection of Component Files used:</h2>
Build Time Elapsed:  00:00:03
</pre>
</body>
</html>
